../Core/Src/main.c:97:5:main	64	static,ignoring_inline_asm
../Core/Src/main.c:210:6:SystemClock_Config	88	static
../Core/Src/main.c:256:13:MX_ETH_Init	8	static
../Core/Src/main.c:305:13:MX_USART3_UART_Init	8	static
../Core/Src/main.c:338:13:MX_USB_OTG_FS_PCD_Init	8	static
../Core/Src/main.c:373:13:MX_GPIO_Init	56	static
../Core/Src/main.c:420:13:prvNewPrintString	16	static
../Core/Src/main.c:450:6:prvPrintTask	24	static
../Core/Src/main.c:489:6:StartDefaultTask	16	static
../Core/Src/main.c:508:6:HAL_TIM_PeriodElapsedCallback	16	static
../Core/Src/main.c:525:6:Error_Handler	4	static,ignoring_inline_asm
