Archive member included to satisfy reference by file (symbol)

C:/ST/STM32CubeIDE_1.15.1/STM32CubeIDE/plugins/com.st.stm32cube.ide.mcu.externaltools.gnu-tools-for-stm32.12.3.rel1.win32_1.0.100.202403111256/tools/bin/../lib/gcc/arm-none-eabi/12.3.1/../../../../arm-none-eabi/lib/thumb/v7e-m+fp/hard\librdimon_nano.a(arm_librdimon_a-syscalls.o)
                              C:/ST/STM32CubeIDE_1.15.1/STM32CubeIDE/plugins/com.st.stm32cube.ide.mcu.externaltools.gnu-tools-for-stm32.12.3.rel1.win32_1.0.100.202403111256/tools/bin/../lib/gcc/arm-none-eabi/12.3.1/../../../../arm-none-eabi/lib/thumb/v7e-m+fp/hard/rdimon-crt0.o (__heap_limit)
C:/ST/STM32CubeIDE_1.15.1/STM32CubeIDE/plugins/com.st.stm32cube.ide.mcu.externaltools.gnu-tools-for-stm32.12.3.rel1.win32_1.0.100.202403111256/tools/bin/../lib/gcc/arm-none-eabi/12.3.1/../../../../arm-none-eabi/lib/thumb/v7e-m+fp/hard\libc_nano.a(libc_a-exit.o)
                              C:/ST/STM32CubeIDE_1.15.1/STM32CubeIDE/plugins/com.st.stm32cube.ide.mcu.externaltools.gnu-tools-for-stm32.12.3.rel1.win32_1.0.100.202403111256/tools/bin/../lib/gcc/arm-none-eabi/12.3.1/../../../../arm-none-eabi/lib/thumb/v7e-m+fp/hard/rdimon-crt0.o (exit)
C:/ST/STM32CubeIDE_1.15.1/STM32CubeIDE/plugins/com.st.stm32cube.ide.mcu.externaltools.gnu-tools-for-stm32.12.3.rel1.win32_1.0.100.202403111256/tools/bin/../lib/gcc/arm-none-eabi/12.3.1/../../../../arm-none-eabi/lib/thumb/v7e-m+fp/hard\libc_nano.a(libc_a-fflush.o)
                              ./app/src/logger.o (fflush)
C:/ST/STM32CubeIDE_1.15.1/STM32CubeIDE/plugins/com.st.stm32cube.ide.mcu.externaltools.gnu-tools-for-stm32.12.3.rel1.win32_1.0.100.202403111256/tools/bin/../lib/gcc/arm-none-eabi/12.3.1/../../../../arm-none-eabi/lib/thumb/v7e-m+fp/hard\libc_nano.a(libc_a-findfp.o)
                              ./Middlewares/Third_Party/FreeRTOS/Source/tasks.o (__sf)
C:/ST/STM32CubeIDE_1.15.1/STM32CubeIDE/plugins/com.st.stm32cube.ide.mcu.externaltools.gnu-tools-for-stm32.12.3.rel1.win32_1.0.100.202403111256/tools/bin/../lib/gcc/arm-none-eabi/12.3.1/../../../../arm-none-eabi/lib/thumb/v7e-m+fp/hard\libc_nano.a(libc_a-fwalk.o)
                              C:/ST/STM32CubeIDE_1.15.1/STM32CubeIDE/plugins/com.st.stm32cube.ide.mcu.externaltools.gnu-tools-for-stm32.12.3.rel1.win32_1.0.100.202403111256/tools/bin/../lib/gcc/arm-none-eabi/12.3.1/../../../../arm-none-eabi/lib/thumb/v7e-m+fp/hard\libc_nano.a(libc_a-fflush.o) (_fwalk_sglue)
C:/ST/STM32CubeIDE_1.15.1/STM32CubeIDE/plugins/com.st.stm32cube.ide.mcu.externaltools.gnu-tools-for-stm32.12.3.rel1.win32_1.0.100.202403111256/tools/bin/../lib/gcc/arm-none-eabi/12.3.1/../../../../arm-none-eabi/lib/thumb/v7e-m+fp/hard\libc_nano.a(libc_a-printf.o)
                              ./app/src/logger.o (printf)
C:/ST/STM32CubeIDE_1.15.1/STM32CubeIDE/plugins/com.st.stm32cube.ide.mcu.externaltools.gnu-tools-for-stm32.12.3.rel1.win32_1.0.100.202403111256/tools/bin/../lib/gcc/arm-none-eabi/12.3.1/../../../../arm-none-eabi/lib/thumb/v7e-m+fp/hard\libc_nano.a(libc_a-snprintf.o)
                              ./app/src/app.o (snprintf)
C:/ST/STM32CubeIDE_1.15.1/STM32CubeIDE/plugins/com.st.stm32cube.ide.mcu.externaltools.gnu-tools-for-stm32.12.3.rel1.win32_1.0.100.202403111256/tools/bin/../lib/gcc/arm-none-eabi/12.3.1/../../../../arm-none-eabi/lib/thumb/v7e-m+fp/hard\libc_nano.a(libc_a-sprintf.o)
                              ./Middlewares/Third_Party/FreeRTOS/Source/tasks.o (sprintf)
C:/ST/STM32CubeIDE_1.15.1/STM32CubeIDE/plugins/com.st.stm32cube.ide.mcu.externaltools.gnu-tools-for-stm32.12.3.rel1.win32_1.0.100.202403111256/tools/bin/../lib/gcc/arm-none-eabi/12.3.1/../../../../arm-none-eabi/lib/thumb/v7e-m+fp/hard\libc_nano.a(libc_a-stdio.o)
                              C:/ST/STM32CubeIDE_1.15.1/STM32CubeIDE/plugins/com.st.stm32cube.ide.mcu.externaltools.gnu-tools-for-stm32.12.3.rel1.win32_1.0.100.202403111256/tools/bin/../lib/gcc/arm-none-eabi/12.3.1/../../../../arm-none-eabi/lib/thumb/v7e-m+fp/hard\libc_nano.a(libc_a-findfp.o) (__sread)
C:/ST/STM32CubeIDE_1.15.1/STM32CubeIDE/plugins/com.st.stm32cube.ide.mcu.externaltools.gnu-tools-for-stm32.12.3.rel1.win32_1.0.100.202403111256/tools/bin/../lib/gcc/arm-none-eabi/12.3.1/../../../../arm-none-eabi/lib/thumb/v7e-m+fp/hard\libc_nano.a(libc_a-memset.o)
                              C:/ST/STM32CubeIDE_1.15.1/STM32CubeIDE/plugins/com.st.stm32cube.ide.mcu.externaltools.gnu-tools-for-stm32.12.3.rel1.win32_1.0.100.202403111256/tools/bin/../lib/gcc/arm-none-eabi/12.3.1/../../../../arm-none-eabi/lib/thumb/v7e-m+fp/hard/rdimon-crt0.o (memset)
C:/ST/STM32CubeIDE_1.15.1/STM32CubeIDE/plugins/com.st.stm32cube.ide.mcu.externaltools.gnu-tools-for-stm32.12.3.rel1.win32_1.0.100.202403111256/tools/bin/../lib/gcc/arm-none-eabi/12.3.1/../../../../arm-none-eabi/lib/thumb/v7e-m+fp/hard\libc_nano.a(libc_a-closer.o)
[...]
Memory Configuration

Name             Origin             Length             Attributes
CCMRAM           0x10000000         0x00010000         xrw
RAM              0x20000000         0x00030000         xrw
FLASH            0x08000000         0x00200000         xr
*default*        0x00000000         0xffffffff

Linker script and memory map

LOAD C:/ST/STM32CubeIDE_1.15.1/STM32CubeIDE/plugins/com.st.stm32cube.ide.mcu.externaltools.gnu-tools-for-stm32.12.3.rel1.win32_1.0.100.202403111256/tools/bin/../lib/gcc/arm-none-eabi/12.3.1/thumb/v7e-m+fp/hard/crti.o
LOAD C:/ST/STM32CubeIDE_1.15.1/STM32CubeIDE/plugins/com.st.stm32cube.ide.mcu.externaltools.gnu-tools-for-stm32.12.3.rel1.win32_1.0.100.202403111256/tools/bin/../lib/gcc/arm-none-eabi/12.3.1/thumb/v7e-m+fp/hard/crtbegin.o
LOAD C:/ST/STM32CubeIDE_1.15.1/STM32CubeIDE/plugins/com.st.stm32cube.ide.mcu.externaltools.gnu-tools-for-stm32.12.3.rel1.win32_1.0.100.202403111256/tools/bin/../lib/gcc/arm-none-eabi/12.3.1/../../../../arm-none-eabi/lib/thumb/v7e-m+fp/hard/rdimon-crt0.o
LOAD ./Core/Src/freertos.o
LOAD ./Core/Src/main.o
LOAD ./Core/Src/stm32f4xx_hal_msp.o
LOAD ./Core/Src/stm32f4xx_hal_timebase_tim.o
LOAD ./Core/Src/stm32f4xx_it.o
LOAD ./Core/Src/sysmem.o
LOAD ./Core/Src/system_stm32f4xx.o
LOAD ./Core/Startup/startup_stm32f429zitx.o
LOAD ./Drivers/STM32F4xx_HAL_Driver/Src/stm32f4xx_hal.o
LOAD ./Drivers/STM32F4xx_HAL_Driver/Src/stm32f4xx_hal_cortex.o
LOAD ./Drivers/STM32F4xx_HAL_Driver/Src/stm32f4xx_hal_dma.o
LOAD ./Drivers/STM32F4xx_HAL_Driver/Src/stm32f4xx_hal_dma_ex.o
LOAD ./Drivers/STM32F4xx_HAL_Driver/Src/stm32f4xx_hal_eth.o
LOAD ./Drivers/STM32F4xx_HAL_Driver/Src/stm32f4xx_hal_exti.o
LOAD ./Drivers/STM32F4xx_HAL_Driver/Src/stm32f4xx_hal_flash.o
LOAD ./Drivers/STM32F4xx_HAL_Driver/Src/stm32f4xx_hal_flash_ex.o
LOAD ./Drivers/STM32F4xx_HAL_Driver/Src/stm32f4xx_hal_flash_ramfunc.o
LOAD ./Drivers/STM32F4xx_HAL_Driver/Src/stm32f4xx_hal_gpio.o
LOAD ./Drivers/STM32F4xx_HAL_Driver/Src/stm32f4xx_hal_pcd.o
LOAD ./Drivers/STM32F4xx_HAL_Driver/Src/stm32f4xx_hal_pcd_ex.o
LOAD ./Drivers/STM32F4xx_HAL_Driver/Src/stm32f4xx_hal_pwr.o
LOAD ./Drivers/STM32F4xx_HAL_Driver/Src/stm32f4xx_hal_pwr_ex.o
LOAD ./Drivers/STM32F4xx_HAL_Driver/Src/stm32f4xx_hal_rcc.o
LOAD ./Drivers/STM32F4xx_HAL_Driver/Src/stm32f4xx_hal_rcc_ex.o
LOAD ./Drivers/STM32F4xx_HAL_Driver/Src/stm32f4xx_hal_tim.o
LOAD ./Drivers/STM32F4xx_HAL_Driver/Src/stm32f4xx_hal_tim_ex.o
LOAD ./Drivers/STM32F4xx_HAL_Driver/Src/stm32f4xx_hal_uart.o
LOAD ./Drivers/STM32F4xx_HAL_Driver/Src/stm32f4xx_ll_usb.o
LOAD ./Middlewares/Third_Party/FreeRTOS/Source/CMSIS_RTOS/cmsis_os.o
LOAD ./Middlewares/Third_Party/FreeRTOS/Source/croutine.o
LOAD ./Middlewares/Third_Party/FreeRTOS/Source/event_groups.o
LOAD ./Middlewares/Third_Party/FreeRTOS/Source/list.o
LOAD ./Middlewares/Third_Party/FreeRTOS/Source/queue.o
LOAD ./Middlewares/Third_Party/FreeRTOS/Source/stream_buffer.o
LOAD ./Middlewares/Third_Party/FreeRTOS/Source/tasks.o
LOAD ./Middlewares/Third_Party/FreeRTOS/Source/timers.o
LOAD ./Middlewares/Third_Party/FreeRTOS/Source/portable/GCC/ARM_CM4F/port.o
LOAD ./Middlewares/Third_Party/FreeRTOS/Source/portable/MemMang/heap_4.o
LOAD ./app/src/app.o
LOAD ./app/src/logger.o
LOAD ./app/src/task_a.o
LOAD ./app/src/task_b.o
LOAD ./app/src/task_test.o
LOAD C:/ST/STM32CubeIDE_1.15.1/STM32CubeIDE/plugins/com.st.stm32cube.ide.mcu.externaltools.gnu-tools-for-stm32.12.3.rel1.win32_1.0.100.202403111256/tools/bin/../lib/gcc/arm-none-eabi/12.3.1/../../../../arm-none-eabi/lib/thumb/v7e-m+fp/hard\librdimon_nano.a
START GROUP
LOAD C:/ST/STM32CubeIDE_1.15.1/STM32CubeIDE/plugins/com.st.stm32cube.ide.mcu.externaltools.gnu-tools-for-stm32.12.3.rel1.win32_1.0.100.202403111256/tools/bin/../lib/gcc/arm-none-eabi/12.3.1/../../../../arm-none-eabi/lib/thumb/v7e-m+fp/hard\libc_nano.a
LOAD C:/ST/STM32CubeIDE_1.15.1/STM32CubeIDE/plugins/com.st.stm32cube.ide.mcu.externaltools.gnu-tools-for-stm32.12.3.rel1.win32_1.0.100.202403111256/tools/bin/../lib/gcc/arm-none-eabi/12.3.1/../../../../arm-none-eabi/lib/thumb/v7e-m+fp/hard\libm.a
END GROUP
START GROUP
LOAD C:/ST/STM32CubeIDE_1.15.1/STM32CubeIDE/plugins/com.st.stm32cube.ide.mcu.externaltools.gnu-tools-for-stm32.12.3.rel1.win32_1.0.100.202403111256/tools/bin/../lib/gcc/arm-none-eabi/12.3.1/thumb/v7e-m+fp/hard\libgcc.a
LOAD C:/ST/STM32CubeIDE_1.15.1/STM32CubeIDE/plugins/com.st.stm32cube.ide.mcu.externaltools.gnu-tools-for-stm32.12.3.rel1.win32_1.0.100.202403111256/tools/bin/../lib/gcc/arm-none-eabi/12.3.1/../../../../arm-none-eabi/lib/thumb/v7e-m+fp/hard\libc_nano.a
END GROUP
START GROUP
LOAD C:/ST/STM32CubeIDE_1.15.1/STM32CubeIDE/plugins/com.st.stm32cube.ide.mcu.externaltools.gnu-tools-for-stm32.12.3.rel1.win32_1.0.100.202403111256/tools/bin/../lib/gcc/arm-none-eabi/12.3.1/thumb/v7e-m+fp/hard\libgcc.a
LOAD C:/ST/STM32CubeIDE_1.15.1/STM32CubeIDE/plugins/com.st.stm32cube.ide.mcu.externaltools.gnu-tools-for-stm32.12.3.rel1.win32_1.0.100.202403111256/tools/bin/../lib/gcc/arm-none-eabi/12.3.1/../../../../arm-none-eabi/lib/thumb/v7e-m+fp/hard\libc_nano.a
LOAD C:/ST/STM32CubeIDE_1.15.1/STM32CubeIDE/plugins/com.st.stm32cube.ide.mcu.externaltools.gnu-tools-for-stm32.12.3.rel1.win32_1.0.100.202403111256/tools/bin/../lib/gcc/arm-none-eabi/12.3.1/../../../../arm-none-eabi/lib/thumb/v7e-m+fp/hard\libnosys.a
END GROUP
START GROUP
LOAD C:/ST/STM32CubeIDE_1.15.1/STM32CubeIDE/plugins/com.st.stm32cube.ide.mcu.externaltools.gnu-tools-for-stm32.12.3.rel1.win32_1.0.100.202403111256/tools/bin/../lib/gcc/arm-none-eabi/12.3.1/thumb/v7e-m+fp/hard\libgcc.a
LOAD C:/ST/STM32CubeIDE_1.15.1/STM32CubeIDE/plugins/com.st.stm32cube.ide.mcu.externaltools.gnu-tools-for-stm32.12.3.rel1.win32_1.0.100.202403111256/tools/bin/../lib/gcc/arm-none-eabi/12.3.1/../../../../arm-none-eabi/lib/thumb/v7e-m+fp/hard\libc_nano.a
LOAD C:/ST/STM32CubeIDE_1.15.1/STM32CubeIDE/plugins/com.st.stm32cube.ide.mcu.externaltools.gnu-tools-for-stm32.12.3.rel1.win32_1.0.100.202403111256/tools/bin/../lib/gcc/arm-none-eabi/12.3.1/../../../../arm-none-eabi/lib/thumb/v7e-m+fp/hard\librdimon_nano.a
END GROUP
START GROUP
LOAD C:/ST/STM32CubeIDE_1.15.1/STM32CubeIDE/plugins/com.st.stm32cube.ide.mcu.externaltools.gnu-tools-for-stm32.12.3.rel1.win32_1.0.100.202403111256/tools/bin/../lib/gcc/arm-none-eabi/12.3.1/thumb/v7e-m+fp/hard\libgcc.a
LOAD C:/ST/STM32CubeIDE_1.15.1/STM32CubeIDE/plugins/com.st.stm32cube.ide.mcu.externaltools.gnu-tools-for-stm32.12.3.rel1.win32_1.0.100.202403111256/tools/bin/../lib/gcc/arm-none-eabi/12.3.1/../../../../arm-none-eabi/lib/thumb/v7e-m+fp/hard\libc_nano.a
LOAD C:/ST/STM32CubeIDE_1.15.1/STM32CubeIDE/plugins/com.st.stm32cube.ide.mcu.externaltools.gnu-tools-for-stm32.12.3.rel1.win32_1.0.100.202403111256/tools/bin/../lib/gcc/arm-none-eabi/12.3.1/../../../../arm-none-eabi/lib/thumb/v7e-m+fp/hard\librdimon_nano.a
LOAD C:/ST/STM32CubeIDE_1.15.1/STM32CubeIDE/plugins/com.st.stm32cube.ide.mcu.externaltools.gnu-tools-for-stm32.12.3.rel1.win32_1.0.100.202403111256/tools/bin/../lib/gcc/arm-none-eabi/12.3.1/../../../../arm-none-eabi/lib/thumb/v7e-m+fp/hard\libnosys.a
END GROUP
LOAD C:/ST/STM32CubeIDE_1.15.1/STM32CubeIDE/plugins/com.st.stm32cube.ide.mcu.externaltools.gnu-tools-for-stm32.12.3.rel1.win32_1.0.100.202403111256/tools/bin/../lib/gcc/arm-none-eabi/12.3.1/thumb/v7e-m+fp/hard/crtend.o
LOAD C:/ST/STM32CubeIDE_1.15.1/STM32CubeIDE/plugins/com.st.stm32cube.ide.mcu.externaltools.gnu-tools-for-stm32.12.3.rel1.win32_1.0.100.202403111256/tools/bin/../lib/gcc/arm-none-eabi/12.3.1/thumb/v7e-m+fp/hard/crtn.o
                0x20030000                        _estack = (ORIGIN (RAM) + LENGTH (RAM))
                0x00000200                        _Min_Heap_Size = 0x200
                0x00000400                        _Min_Stack_Size = 0x400

.isr_vector     0x08000000      0x1ac
                0x08000000                        . = ALIGN (0x4)
 *(.isr_vector)
 .isr_vector    0x08000000      0x1ac ./Core/Startup/startup_stm32f429zitx.o
                0x08000000                g_pfnVectors
                0x080001ac                        . = ALIGN (0x4)

.text           0x080001b0     0x8064
                0x080001b0                        . = ALIGN (0x4)
 *(.text)
 .text          0x080001b0       0x40 C:/ST/STM32CubeIDE_1.15.1/STM32CubeIDE/plugins/com.st.stm32cube.ide.mcu.externaltools.gnu-tools-for-stm32.12.3.rel1.win32_1.0.100.202403111256/tools/bin/../lib/gcc/arm-none-eabi/12.3.1/thumb/v7e-m+fp/hard/crtbegin.o
 .text          0x080001f0       0x10 C:/ST/STM32CubeIDE_1.15.1/STM32CubeIDE/plugins/com.st.stm32cube.ide.mcu.externaltools.gnu-tools-for-stm32.12.3.rel1.win32_1.0.100.202403111256/tools/bin/../lib/gcc/arm-none-eabi/12.3.1/../../../../arm-none-eabi/lib/thumb/v7e-m+fp/hard\libc_nano.a(libc_a-strlen.o)
                0x080001f0                strlen
 .text          0x08000200       0xa0 C:/ST/STM32CubeIDE_1.15.1/STM32CubeIDE/plugins/com.st.stm32cube.ide.mcu.externaltools.gnu-tools-for-stm32.12.3.rel1.win32_1.0.100.202403111256/tools/bin/../lib/gcc/arm-none-eabi/12.3.1/../../../../arm-none-eabi/lib/thumb/v7e-m+fp/hard\libc_nano.a(libc_a-memchr.o)
                0x08000200                memchr
 .text          0x080002a0       0x30 C:/ST/STM32CubeIDE_1.15.1/STM32CubeIDE/plugins/com.st.stm32cube.ide.mcu.externaltools.gnu-tools-for-stm32.12.3.rel1.win32_1.0.100.202403111256/tools/bin/../lib/gcc/arm-none-eabi/12.3.1/thumb/v7e-m+fp/hard\libgcc.a(_aeabi_uldivmod.o)
                0x080002a0                __aeabi_uldivmod
 .text          0x080002d0      0x2bc C:/ST/STM32CubeIDE_1.15.1/STM32CubeIDE/plugins/com.st.stm32cube.ide.mcu.externaltools.gnu-tools-for-stm32.12.3.rel1.win32_1.0.100.202403111256/tools/bin/../lib/gcc/arm-none-eabi/12.3.1/thumb/v7e-m+fp/hard\libgcc.a(_udivmoddi4.o)
                0x080002d0                __udivmoddi4
 .text          0x0800058c        0x4 C:/ST/STM32CubeIDE_1.15.1/STM32CubeIDE/plugins/com.st.stm32cube.ide.mcu.externaltools.gnu-tools-for-stm32.12.3.rel1.win32_1.0.100.202403111256/tools/bin/../lib/gcc/arm-none-eabi/12.3.1/thumb/v7e-m+fp/hard\libgcc.a(_dvmd_tls.o)
                0x0800058c                __aeabi_idiv0
                0x0800058c                __aeabi_ldiv0
 *(.text*)
 .text.main     0x08000590       0x3c ./Core/Src/main.o
                0x08000590                main
 .text.SystemClock_Config
                0x080005cc       0xd4 ./Core/Src/main.o
                0x080005cc                SystemClock_Config
 .text.MX_ETH_Init
                0x080006a0       0x9c ./Core/Src/main.o
 .text.MX_TIM2_Init
                0x0800073c       0x9c ./Core/Src/main.o
 .text.MX_USART3_UART_Init
                0x080007d8       0x54 ./Core/Src/main.o
 .text.MX_USB_OTG_FS_PCD_Init
                0x0800082c       0x5c ./Core/Src/main.o
 .text.MX_GPIO_Init
                0x08000888      0x15c ./Core/Src/main.o
 .text.configureTimerForRunTimeStats
                0x080009e4       0x18 ./Core/Src/main.o
                0x080009e4                configureTimerForRunTimeStats
 .text.getRunTimeCounterValue
                0x080009fc       0x18 ./Core/Src/main.o
                0x080009fc                getRunTimeCounterValue
 .text.vApplicationIdleHook
                0x08000a14        0xe ./Core/Src/main.o
                0x08000a14                vApplicationIdleHook
 *fill*         0x08000a22        0x2 
 .text.HAL_TIM_PeriodElapsedCallback
                0x08000a24       0x3c ./Core/Src/main.o
                0x08000a24                HAL_TIM_PeriodElapsedCallback
 .text.Error_Handler
                0x08000a60        0xc ./Core/Src/main.o
                0x08000a60                Error_Handler
 .text.HAL_MspInit
                0x08000a6c       0x58 ./Core/Src/stm32f4xx_hal_msp.o
                0x08000a6c                HAL_MspInit
 .text.HAL_ETH_MspInit
                0x08000ac4      0x18c ./Core/Src/stm32f4xx_hal_msp.o
                0x08000ac4                HAL_ETH_MspInit
 .text.HAL_TIM_Base_MspInit
                0x08000c50       0x4c ./Core/Src/stm32f4xx_hal_msp.o
                0x08000c50                HAL_TIM_Base_MspInit
 .text.HAL_UART_MspInit
                0x08000c9c       0x90 ./Core/Src/stm32f4xx_hal_msp.o
                0x08000c9c                HAL_UART_MspInit
 .text.HAL_PCD_MspInit
                0x08000d2c       0xb4 ./Core/Src/stm32f4xx_hal_msp.o
                0x08000d2c                HAL_PCD_MspInit
 .text.HAL_InitTick
                0x08000de0       0xe8 ./Core/Src/stm32f4xx_hal_timebase_tim.o
                0x08000de0                HAL_InitTick
 .text.NMI_Handler
                0x08000ec8        0x8 ./Core/Src/stm32f4xx_it.o
                0x08000ec8                NMI_Handler
 .text.HardFault_Handler
                0x08000ed0        0x8 ./Core/Src/stm32f4xx_it.o
                0x08000ed0                HardFault_Handler
 .text.MemManage_Handler
                0x08000ed8        0x8 ./Core/Src/stm32f4xx_it.o
                0x08000ed8                MemManage_Handler
 .text.BusFault_Handler
                0x08000ee0        0x8 ./Core/Src/stm32f4xx_it.o
                0x08000ee0                BusFault_Handler
 .text.UsageFault_Handler
                0x08000ee8        0x8 ./Core/Src/stm32f4xx_it.o
                0x08000ee8                UsageFault_Handler
 .text.DebugMon_Handler
                0x08000ef0        0xe ./Core/Src/stm32f4xx_it.o
                0x08000ef0                DebugMon_Handler
 *fill*         0x08000efe        0x2 
 .text.TIM1_UP_TIM10_IRQHandler
                0x08000f00       0x14 ./Core/Src/stm32f4xx_it.o
                0x08000f00                TIM1_UP_TIM10_IRQHandler
 .text.TIM2_IRQHandler
                0x08000f14       0x14 ./Core/Src/stm32f4xx_it.o
                0x08000f14                TIM2_IRQHandler
 .text._sbrk    0x08000f28       0x6c ./Core/Src/sysmem.o
                0x08000f28                _sbrk
 .text.SystemInit
                0x08000f94       0x24 ./Core/Src/system_stm32f4xx.o
                0x08000f94                SystemInit
 .text.Reset_Handler
                0x08000fb8       0x50 ./Core/Startup/startup_stm32f429zitx.o
                0x08000fb8                Reset_Handler
 .text.Default_Handler
                0x08001008        0x2 ./Core/Startup/startup_stm32f429zitx.o
                0x08001008                RTC_Alarm_IRQHandler
                0x08001008                HASH_RNG_IRQHandler
                0x08001008                EXTI2_IRQHandler
                0x08001008                TIM8_CC_IRQHandler
                0x08001008                UART8_IRQHandler
                0x08001008                SPI4_IRQHandler
                0x08001008                TIM1_CC_IRQHandler
                0x08001008                DMA2_Stream5_IRQHandler
                0x08001008                DMA1_Stream5_IRQHandler
                0x08001008                PVD_IRQHandler
                0x08001008                SDIO_IRQHandler
                0x08001008                TAMP_STAMP_IRQHandler
                0x08001008                CAN2_RX1_IRQHandler
                0x08001008                EXTI3_IRQHandler
                0x08001008                TIM8_TRG_COM_TIM14_IRQHandler
                0x08001008                TIM8_UP_TIM13_IRQHandler
                0x08001008                I2C3_ER_IRQHandler
                0x08001008                EXTI0_IRQHandler
                0x08001008                I2C2_EV_IRQHandler
                0x08001008                DMA1_Stream2_IRQHandler
                0x08001008                CAN1_RX0_IRQHandler
                0x08001008                FPU_IRQHandler
                0x08001008                OTG_HS_WKUP_IRQHandler
                0x08001008                LTDC_ER_IRQHandler
                0x08001008                CAN2_SCE_IRQHandler
                0x08001008                DMA2_Stream2_IRQHandler
                0x08001008                SPI1_IRQHandler
                0x08001008                TIM6_DAC_IRQHandler
                0x08001008                TIM1_BRK_TIM9_IRQHandler
                0x08001008                DCMI_IRQHandler
                0x08001008                CAN2_RX0_IRQHandler
                0x08001008                DMA2_Stream3_IRQHandler
                0x08001008                USART6_IRQHandler
                0x08001008                USART3_IRQHandler
                0x08001008                CAN1_RX1_IRQHandler
                0x08001008                UART5_IRQHandler
                0x08001008                DMA2_Stream0_IRQHandler
                0x08001008                TIM4_IRQHandler
                0x08001008                I2C1_EV_IRQHandler
                0x08001008                DMA1_Stream6_IRQHandler
                0x08001008                DMA1_Stream1_IRQHandler
                0x08001008                UART4_IRQHandler
                0x08001008                TIM3_IRQHandler
                0x08001008                RCC_IRQHandler
                0x08001008                TIM8_BRK_TIM12_IRQHandler
                0x08001008                Default_Handler
                0x08001008                EXTI15_10_IRQHandler
                0x08001008                ADC_IRQHandler
                0x08001008                DMA1_Stream7_IRQHandler
                0x08001008                SPI5_IRQHandler
                0x08001008                TIM7_IRQHandler
                0x08001008                CAN2_TX_IRQHandler
                0x08001008                TIM5_IRQHandler
                0x08001008                DMA2_Stream7_IRQHandler
                0x08001008                I2C3_EV_IRQHandler
                0x08001008                EXTI9_5_IRQHandler
                0x08001008                RTC_WKUP_IRQHandler
                0x08001008                LTDC_IRQHandler
                0x08001008                ETH_WKUP_IRQHandler
                0x08001008                SPI2_IRQHandler
                0x08001008                OTG_HS_EP1_IN_IRQHandler
                0x08001008                DMA1_Stream0_IRQHandler
                0x08001008                CAN1_TX_IRQHandler
                0x08001008                EXTI4_IRQHandler
                0x08001008                ETH_IRQHandler
                0x08001008                OTG_HS_EP1_OUT_IRQHandler
                0x08001008                WWDG_IRQHandler
                0x08001008                SPI6_IRQHandler
                0x08001008                OTG_FS_WKUP_IRQHandler
                0x08001008                TIM1_TRG_COM_TIM11_IRQHandler
                0x08001008                OTG_HS_IRQHandler
                0x08001008                DMA2D_IRQHandler
                0x08001008                EXTI1_IRQHandler
                0x08001008                UART7_IRQHandler
                0x08001008                USART2_IRQHandler
                0x08001008                I2C2_ER_IRQHandler
                0x08001008                DMA2_Stream1_IRQHandler
                0x08001008                CAN1_SCE_IRQHandler
                0x08001008                FLASH_IRQHandler
                0x08001008                DMA2_Stream4_IRQHandler
                0x08001008                USART1_IRQHandler
                0x08001008                OTG_FS_IRQHandler
                0x08001008                SPI3_IRQHandler
                0x08001008                DMA1_Stream4_IRQHandler
                0x08001008                I2C1_ER_IRQHandler
                0x08001008                FMC_IRQHandler
                0x08001008                DMA2_Stream6_IRQHandler
                0x08001008                SAI1_IRQHandler
                0x08001008                DMA1_Stream3_IRQHandler
 *fill*         0x0800100a        0x2 
 .text.HAL_Init
                0x0800100c       0x44 ./Drivers/STM32F4xx_HAL_Driver/Src/stm32f4xx_hal.o
                0x0800100c                HAL_Init
 .text.HAL_IncTick
                0x08001050       0x28 ./Drivers/STM32F4xx_HAL_Driver/Src/stm32f4xx_hal.o
                0x08001050                HAL_IncTick
 .text.HAL_GetTick
                0x08001078       0x18 ./Drivers/STM32F4xx_HAL_Driver/Src/stm32f4xx_hal.o
                0x08001078                HAL_GetTick
 .text.HAL_Delay
                0x08001090       0x48 ./Drivers/STM32F4xx_HAL_Driver/Src/stm32f4xx_hal.o
                0x08001090                HAL_Delay
 .text.__NVIC_SetPriorityGrouping
                0x080010d8       0x48 ./Drivers/STM32F4xx_HAL_Driver/Src/stm32f4xx_hal_cortex.o
 .text.__NVIC_GetPriorityGrouping
                0x08001120       0x1c ./Drivers/STM32F4xx_HAL_Driver/Src/stm32f4xx_hal_cortex.o
 .text.__NVIC_EnableIRQ
                0x0800113c       0x3c ./Drivers/STM32F4xx_HAL_Driver/Src/stm32f4xx_hal_cortex.o
 .text.__NVIC_SetPriority
                0x08001178       0x54 ./Drivers/STM32F4xx_HAL_Driver/Src/stm32f4xx_hal_cortex.o
 .text.NVIC_EncodePriority
                0x080011cc       0x66 ./Drivers/STM32F4xx_HAL_Driver/Src/stm32f4xx_hal_cortex.o
 .text.HAL_NVIC_SetPriorityGrouping
                0x08001232       0x16 ./Drivers/STM32F4xx_HAL_Driver/Src/stm32f4xx_hal_cortex.o
                0x08001232                HAL_NVIC_SetPriorityGrouping
 .text.HAL_NVIC_SetPriority
                0x08001248       0x38 ./Drivers/STM32F4xx_HAL_Driver/Src/stm32f4xx_hal_cortex.o
                0x08001248                HAL_NVIC_SetPriority
 .text.HAL_NVIC_EnableIRQ
                0x08001280       0x1c ./Drivers/STM32F4xx_HAL_Driver/Src/stm32f4xx_hal_cortex.o
                0x08001280                HAL_NVIC_EnableIRQ
 .text.HAL_ETH_Init
                0x0800129c       0xfc ./Drivers/STM32F4xx_HAL_Driver/Src/stm32f4xx_hal_eth.o
                0x0800129c                HAL_ETH_Init
 .text.ETH_SetMACConfig
                0x08001398      0x160 ./Drivers/STM32F4xx_HAL_Driver/Src/stm32f4xx_hal_eth.o
 .text.ETH_SetDMAConfig
                0x080014f8      0x114 ./Drivers/STM32F4xx_HAL_Driver/Src/stm32f4xx_hal_eth.o
 .text.ETH_MACDMAConfig
                0x0800160c       0xe4 ./Drivers/STM32F4xx_HAL_Driver/Src/stm32f4xx_hal_eth.o
 .text.ETH_MACAddressConfig
                0x080016f0       0x70 ./Drivers/STM32F4xx_HAL_Driver/Src/stm32f4xx_hal_eth.o
 .text.ETH_DMATxDescListInit
                0x08001760       0xb2 ./Drivers/STM32F4xx_HAL_Driver/Src/stm32f4xx_hal_eth.o
 .text.ETH_DMARxDescListInit
                0x08001812       0xda ./Drivers/STM32F4xx_HAL_Driver/Src/stm32f4xx_hal_eth.o
 .text.HAL_GPIO_Init
                0x080018ec      0x358 ./Drivers/STM32F4xx_HAL_Driver/Src/stm32f4xx_hal_gpio.o
                0x080018ec                HAL_GPIO_Init
 .text.HAL_GPIO_WritePin
                0x08001c44       0x32 ./Drivers/STM32F4xx_HAL_Driver/Src/stm32f4xx_hal_gpio.o
                0x08001c44                HAL_GPIO_WritePin
 .text.HAL_PCD_Init
                0x08001c76      0x21e ./Drivers/STM32F4xx_HAL_Driver/Src/stm32f4xx_hal_pcd.o
                0x08001c76                HAL_PCD_Init
 .text.HAL_RCC_OscConfig
                0x08001e94      0x4f0 ./Drivers/STM32F4xx_HAL_Driver/Src/stm32f4xx_hal_rcc.o
                0x08001e94                HAL_RCC_OscConfig
 .text.HAL_RCC_ClockConfig
                0x08002384      0x1cc ./Drivers/STM32F4xx_HAL_Driver/Src/stm32f4xx_hal_rcc.o
                0x08002384                HAL_RCC_ClockConfig
 .text.HAL_RCC_GetSysClockFreq
                0x08002550      0x20c ./Drivers/STM32F4xx_HAL_Driver/Src/stm32f4xx_hal_rcc.o
                0x08002550                HAL_RCC_GetSysClockFreq
 .text.HAL_RCC_GetHCLKFreq
                0x0800275c       0x18 ./Drivers/STM32F4xx_HAL_Driver/Src/stm32f4xx_hal_rcc.o
                0x0800275c                HAL_RCC_GetHCLKFreq
 .text.HAL_RCC_GetPCLK1Freq
                0x08002774       0x28 ./Drivers/STM32F4xx_HAL_Driver/Src/stm32f4xx_hal_rcc.o
                0x08002774                HAL_RCC_GetPCLK1Freq
 .text.HAL_RCC_GetPCLK2Freq
                0x0800279c       0x28 ./Drivers/STM32F4xx_HAL_Driver/Src/stm32f4xx_hal_rcc.o
                0x0800279c                HAL_RCC_GetPCLK2Freq
 .text.HAL_RCC_GetClockConfig
                0x080027c4       0x64 ./Drivers/STM32F4xx_HAL_Driver/Src/stm32f4xx_hal_rcc.o
                0x080027c4                HAL_RCC_GetClockConfig
 .text.HAL_TIM_Base_Init
                0x08002828       0x9e ./Drivers/STM32F4xx_HAL_Driver/Src/stm32f4xx_hal_tim.o
                0x08002828                HAL_TIM_Base_Init
 *fill*         0x080028c6        0x2 
 .text.HAL_TIM_Base_Start_IT
                0x080028c8       0xe0 ./Drivers/STM32F4xx_HAL_Driver/Src/stm32f4xx_hal_tim.o
                0x080028c8                HAL_TIM_Base_Start_IT
 .text.HAL_TIM_IRQHandler
                0x080029a8      0x1e0 ./Drivers/STM32F4xx_HAL_Driver/Src/stm32f4xx_hal_tim.o
                0x080029a8                HAL_TIM_IRQHandler
 .text.HAL_TIM_ConfigClockSource
                0x08002b88      0x18e ./Drivers/STM32F4xx_HAL_Driver/Src/stm32f4xx_hal_tim.o
                0x08002b88                HAL_TIM_ConfigClockSource
 .text.HAL_TIM_OC_DelayElapsedCallback
                0x08002d16       0x14 ./Drivers/STM32F4xx_HAL_Driver/Src/stm32f4xx_hal_tim.o
                0x08002d16                HAL_TIM_OC_DelayElapsedCallback
 .text.HAL_TIM_IC_CaptureCallback
                0x08002d2a       0x14 ./Drivers/STM32F4xx_HAL_Driver/Src/stm32f4xx_hal_tim.o
                0x08002d2a                HAL_TIM_IC_CaptureCallback
 .text.HAL_TIM_PWM_PulseFinishedCallback
                0x08002d3e       0x14 ./Drivers/STM32F4xx_HAL_Driver/Src/stm32f4xx_hal_tim.o
                0x08002d3e                HAL_TIM_PWM_PulseFinishedCallback
 .text.HAL_TIM_TriggerCallback
                0x08002d52       0x14 ./Drivers/STM32F4xx_HAL_Driver/Src/stm32f4xx_hal_tim.o
                0x08002d52                HAL_TIM_TriggerCallback
 *fill*         0x08002d66        0x2 
 .text.TIM_Base_SetConfig
                0x08002d68      0x158 ./Drivers/STM32F4xx_HAL_Driver/Src/stm32f4xx_hal_tim.o
                0x08002d68                TIM_Base_SetConfig
 .text.TIM_TI1_ConfigInputStage
                0x08002ec0       0x5e ./Drivers/STM32F4xx_HAL_Driver/Src/stm32f4xx_hal_tim.o
 .text.TIM_TI2_ConfigInputStage
                0x08002f1e       0x60 ./Drivers/STM32F4xx_HAL_Driver/Src/stm32f4xx_hal_tim.o
 .text.TIM_ITRx_SetConfig
                0x08002f7e       0x36 ./Drivers/STM32F4xx_HAL_Driver/Src/stm32f4xx_hal_tim.o
 .text.TIM_ETR_SetConfig
                0x08002fb4       0x40 ./Drivers/STM32F4xx_HAL_Driver/Src/stm32f4xx_hal_tim.o
                0x08002fb4                TIM_ETR_SetConfig
 .text.HAL_TIMEx_MasterConfigSynchronization
                0x08002ff4       0xf8 ./Drivers/STM32F4xx_HAL_Driver/Src/stm32f4xx_hal_tim_ex.o
                0x08002ff4                HAL_TIMEx_MasterConfigSynchronization
 .text.HAL_TIMEx_CommutCallback
                0x080030ec       0x14 ./Drivers/STM32F4xx_HAL_Driver/Src/stm32f4xx_hal_tim_ex.o
                0x080030ec                HAL_TIMEx_CommutCallback
 .text.HAL_TIMEx_BreakCallback
                0x08003100       0x14 ./Drivers/STM32F4xx_HAL_Driver/Src/stm32f4xx_hal_tim_ex.o
                0x08003100                HAL_TIMEx_BreakCallback
 .text.HAL_UART_Init
                0x08003114       0xa0 ./Drivers/STM32F4xx_HAL_Driver/Src/stm32f4xx_hal_uart.o
                0x08003114                HAL_UART_Init
 .text.UART_SetConfig
                0x080031b4      0x4e8 ./Drivers/STM32F4xx_HAL_Driver/Src/stm32f4xx_hal_uart.o
 .text.USB_CoreInit
                0x0800369c       0xc8 ./Drivers/STM32F4xx_HAL_Driver/Src/stm32f4xx_ll_usb.o
                0x0800369c                USB_CoreInit
 .text.USB_DisableGlobalInt
                0x08003764       0x22 ./Drivers/STM32F4xx_HAL_Driver/Src/stm32f4xx_ll_usb.o
                0x08003764                USB_DisableGlobalInt
 .text.USB_SetCurrentMode
                0x08003786       0x98 ./Drivers/STM32F4xx_HAL_Driver/Src/stm32f4xx_ll_usb.o
                0x08003786                USB_SetCurrentMode
 *fill*         0x0800381e        0x2 
 .text.USB_DevInit
                0x08003820      0x2c8 ./Drivers/STM32F4xx_HAL_Driver/Src/stm32f4xx_ll_usb.o
                0x08003820                USB_DevInit
 .text.USB_FlushTxFifo
                0x08003ae8       0x64 ./Drivers/STM32F4xx_HAL_Driver/Src/stm32f4xx_ll_usb.o
                0x08003ae8                USB_FlushTxFifo
 .text.USB_FlushRxFifo
                0x08003b4c       0x5c ./Drivers/STM32F4xx_HAL_Driver/Src/stm32f4xx_ll_usb.o
                0x08003b4c                USB_FlushRxFifo
 .text.USB_SetDevSpeed
                0x08003ba8       0x32 ./Drivers/STM32F4xx_HAL_Driver/Src/stm32f4xx_ll_usb.o
                0x08003ba8                USB_SetDevSpeed
 .text.USB_DevDisconnect
                0x08003bda       0x42 ./Drivers/STM32F4xx_HAL_Driver/Src/stm32f4xx_ll_usb.o
                0x08003bda                USB_DevDisconnect
 .text.USB_GetMode
                0x08003c1c       0x1c ./Drivers/STM32F4xx_HAL_Driver/Src/stm32f4xx_ll_usb.o
                0x08003c1c                USB_GetMode
 .text.USB_CoreReset
                0x08003c38       0x62 ./Drivers/STM32F4xx_HAL_Driver/Src/stm32f4xx_ll_usb.o
 .text.osKernelStart
                0x08003c9a        0xe ./Middlewares/Third_Party/FreeRTOS/Source/CMSIS_RTOS/cmsis_os.o
                0x08003c9a                osKernelStart
 .text.vListInitialise
                0x08003ca8       0x40 ./Middlewares/Third_Party/FreeRTOS/Source/list.o
                0x08003ca8                vListInitialise
 .text.vListInitialiseItem
                0x08003ce8       0x1a ./Middlewares/Third_Party/FreeRTOS/Source/list.o
                0x08003ce8                vListInitialiseItem
 .text.vListInsertEnd
                0x08003d02       0x48 ./Middlewares/Third_Party/FreeRTOS/Source/list.o
                0x08003d02                vListInsertEnd
 .text.vListInsert
                0x08003d4a       0x72 ./Middlewares/Third_Party/FreeRTOS/Source/list.o
                0x08003d4a                vListInsert
 .text.uxListRemove
                0x08003dbc       0x54 ./Middlewares/Third_Party/FreeRTOS/Source/list.o
                0x08003dbc                uxListRemove
 .text.xQueueGenericReset
                0x08003e10       0xd4 ./Middlewares/Third_Party/FreeRTOS/Source/queue.o
                0x08003e10                xQueueGenericReset
 .text.xQueueGenericCreate
                0x08003ee4       0x6e ./Middlewares/Third_Party/FreeRTOS/Source/queue.o
                0x08003ee4                xQueueGenericCreate
 .text.prvInitialiseNewQueue
                0x08003f52       0x46 ./Middlewares/Third_Party/FreeRTOS/Source/queue.o
 .text.prvInitialiseMutex
                0x08003f98       0x34 ./Middlewares/Third_Party/FreeRTOS/Source/queue.o
 .text.xQueueCreateMutex
                0x08003fcc       0x30 ./Middlewares/Third_Party/FreeRTOS/Source/queue.o
                0x08003fcc                xQueueCreateMutex
 .text.xQueueGenericSend
                0x08003ffc      0x204 ./Middlewares/Third_Party/FreeRTOS/Source/queue.o
                0x08003ffc                xQueueGenericSend
 .text.xQueueSemaphoreTake
                0x08004200      0x220 ./Middlewares/Third_Party/FreeRTOS/Source/queue.o
                0x08004200                xQueueSemaphoreTake
 .text.prvGetDisinheritPriorityAfterTimeout
                0x08004420       0x30 ./Middlewares/Third_Party/FreeRTOS/Source/queue.o
 .text.prvCopyDataToQueue
                0x08004450       0xd4 ./Middlewares/Third_Party/FreeRTOS/Source/queue.o
 .text.prvUnlockQueue
                0x08004524       0xa4 ./Middlewares/Third_Party/FreeRTOS/Source/queue.o
 .text.prvIsQueueEmpty
                0x080045c8       0x2c ./Middlewares/Third_Party/FreeRTOS/Source/queue.o
 .text.prvIsQueueFull
                0x080045f4       0x30 ./Middlewares/Third_Party/FreeRTOS/Source/queue.o
 .text.vQueueAddToRegistry
                0x08004624       0x54 ./Middlewares/Third_Party/FreeRTOS/Source/queue.o
                0x08004624                vQueueAddToRegistry
 .text.xTaskCreate
                0x08004678       0x82 ./Middlewares/Third_Party/FreeRTOS/Source/tasks.o
                0x08004678                xTaskCreate
 *fill*         0x080046fa        0x2 
 .text.prvInitialiseNewTask
                0x080046fc      0x15c ./Middlewares/Third_Party/FreeRTOS/Source/tasks.o
 .text.prvAddNewTaskToReadyList
                0x08004858       0xdc ./Middlewares/Third_Party/FreeRTOS/Source/tasks.o
 .text.vTaskDelayUntil
                0x08004934      0x100 ./Middlewares/Third_Party/FreeRTOS/Source/tasks.o
                0x08004934                vTaskDelayUntil
 .text.uxTaskPriorityGet
                0x08004a34       0x34 ./Middlewares/Third_Party/FreeRTOS/Source/tasks.o
                0x08004a34                uxTaskPriorityGet
 .text.vTaskPrioritySet
                0x08004a68      0x154 ./Middlewares/Third_Party/FreeRTOS/Source/tasks.o
                0x08004a68                vTaskPrioritySet
 .text.vTaskStartScheduler
                0x08004bbc       0xa8 ./Middlewares/Third_Party/FreeRTOS/Source/tasks.o
                0x08004bbc                vTaskStartScheduler
 .text.vTaskSuspendAll
                0x08004c64       0x1c ./Middlewares/Third_Party/FreeRTOS/Source/tasks.o
                0x08004c64                vTaskSuspendAll
 .text.xTaskResumeAll
                0x08004c80      0x13c ./Middlewares/Third_Party/FreeRTOS/Source/tasks.o
                0x08004c80                xTaskResumeAll
 .text.xTaskGetTickCount
                0x08004dbc       0x20 ./Middlewares/Third_Party/FreeRTOS/Source/tasks.o
                0x08004dbc                xTaskGetTickCount
 .text.pcTaskGetName
                0x08004ddc       0x4c ./Middlewares/Third_Party/FreeRTOS/Source/tasks.o
                0x08004ddc                pcTaskGetName
 .text.xTaskIncrementTick
                0x08004e28      0x174 ./Middlewares/Third_Party/FreeRTOS/Source/tasks.o
                0x08004e28                xTaskIncrementTick
 .text.vTaskSwitchContext
                0x08004f9c       0xfc ./Middlewares/Third_Party/FreeRTOS/Source/tasks.o
                0x08004f9c                vTaskSwitchContext
 .text.vTaskPlaceOnEventList
                0x08005098       0x4c ./Middlewares/Third_Party/FreeRTOS/Source/tasks.o
                0x08005098                vTaskPlaceOnEventList
 .text.xTaskRemoveFromEventList
                0x080050e4       0xc8 ./Middlewares/Third_Party/FreeRTOS/Source/tasks.o
                0x080050e4                xTaskRemoveFromEventList
 .text.vTaskInternalSetTimeOutState
                0x080051ac       0x2c ./Middlewares/Third_Party/FreeRTOS/Source/tasks.o
                0x080051ac                vTaskInternalSetTimeOutState
 .text.xTaskCheckForTimeOut
                0x080051d8       0xc8 ./Middlewares/Third_Party/FreeRTOS/Source/tasks.o
                0x080051d8                xTaskCheckForTimeOut
 .text.vTaskMissedYield
                0x080052a0       0x18 ./Middlewares/Third_Party/FreeRTOS/Source/tasks.o
                0x080052a0                vTaskMissedYield
 .text.prvIdleTask
                0x080052b8       0x34 ./Middlewares/Third_Party/FreeRTOS/Source/tasks.o
 .text.prvInitialiseTaskLists
                0x080052ec       0x80 ./Middlewares/Third_Party/FreeRTOS/Source/tasks.o
 .text.prvCheckTasksWaitingTermination
                0x0800536c       0x5c ./Middlewares/Third_Party/FreeRTOS/Source/tasks.o
 .text.prvDeleteTCB
                0x080053c8       0x2a ./Middlewares/Third_Party/FreeRTOS/Source/tasks.o
 *fill*         0x080053f2        0x2 
 .text.prvResetNextTaskUnblockTime
                0x080053f4       0x40 ./Middlewares/Third_Party/FreeRTOS/Source/tasks.o
 .text.xTaskGetSchedulerState
                0x08005434       0x3c ./Middlewares/Third_Party/FreeRTOS/Source/tasks.o
                0x08005434                xTaskGetSchedulerState
 .text.xTaskPriorityInherit
                0x08005470       0xec ./Middlewares/Third_Party/FreeRTOS/Source/tasks.o
                0x08005470                xTaskPriorityInherit
 .text.xTaskPriorityDisinherit
                0x0800555c      0x110 ./Middlewares/Third_Party/FreeRTOS/Source/tasks.o
                0x0800555c                xTaskPriorityDisinherit
 .text.vTaskPriorityDisinheritAfterTimeout
                0x0800566c      0x120 ./Middlewares/Third_Party/FreeRTOS/Source/tasks.o
                0x0800566c                vTaskPriorityDisinheritAfterTimeout
 .text.pvTaskIncrementMutexHeldCount
                0x0800578c       0x28 ./Middlewares/Third_Party/FreeRTOS/Source/tasks.o
                0x0800578c                pvTaskIncrementMutexHeldCount
 .text.prvAddCurrentTaskToDelayedList
                0x080057b4       0xcc ./Middlewares/Third_Party/FreeRTOS/Source/tasks.o
 .text.pxPortInitialiseStack
                0x08005880       0x68 ./Middlewares/Third_Party/FreeRTOS/Source/portable/GCC/ARM_CM4F/port.o
                0x08005880                pxPortInitialiseStack
 .text.prvTaskExitError
                0x080058e8       0x5c ./Middlewares/Third_Party/FreeRTOS/Source/portable/GCC/ARM_CM4F/port.o
 *fill*         0x08005944        0xc 
 .text.SVC_Handler
                0x08005950       0x28 ./Middlewares/Third_Party/FreeRTOS/Source/portable/GCC/ARM_CM4F/port.o
                0x08005950                SVC_Handler
 .text.prvPortStartFirstTask
                0x08005978       0x28 ./Middlewares/Third_Party/FreeRTOS/Source/portable/GCC/ARM_CM4F/port.o
 .text.xPortStartScheduler
                0x080059a0      0x148 ./Middlewares/Third_Party/FreeRTOS/Source/portable/GCC/ARM_CM4F/port.o
                0x080059a0                xPortStartScheduler
 .text.vPortEnterCritical
                0x08005ae8       0x64 ./Middlewares/Third_Party/FreeRTOS/Source/portable/GCC/ARM_CM4F/port.o
                0x08005ae8                vPortEnterCritical
 .text.vPortExitCritical
                0x08005b4c       0x54 ./Middlewares/Third_Party/FreeRTOS/Source/portable/GCC/ARM_CM4F/port.o
                0x08005b4c                vPortExitCritical
 .text.PendSV_Handler
                0x08005ba0       0x68 ./Middlewares/Third_Party/FreeRTOS/Source/portable/GCC/ARM_CM4F/port.o
                0x08005ba0                PendSV_Handler
 .text.SysTick_Handler
                0x08005c08       0x44 ./Middlewares/Third_Party/FreeRTOS/Source/portable/GCC/ARM_CM4F/port.o
                0x08005c08                SysTick_Handler
 .text.vPortSetupTimerInterrupt
                0x08005c4c       0x48 ./Middlewares/Third_Party/FreeRTOS/Source/portable/GCC/ARM_CM4F/port.o
                0x08005c4c                vPortSetupTimerInterrupt
 .text.vPortEnableVFP
                0x08005c94       0x14 ./Middlewares/Third_Party/FreeRTOS/Source/portable/GCC/ARM_CM4F/port.o
 .text.pvPortMalloc
                0x08005ca8      0x19c ./Middlewares/Third_Party/FreeRTOS/Source/portable/MemMang/heap_4.o
                0x08005ca8                pvPortMalloc
 .text.vPortFree
                0x08005e44       0xc8 ./Middlewares/Third_Party/FreeRTOS/Source/portable/MemMang/heap_4.o
                0x08005e44                vPortFree
 .text.prvHeapInit
                0x08005f0c       0xc4 ./Middlewares/Third_Party/FreeRTOS/Source/portable/MemMang/heap_4.o
 .text.prvInsertBlockIntoFreeList
                0x08005fd0       0xb4 ./Middlewares/Third_Party/FreeRTOS/Source/portable/MemMang/heap_4.o
 .text.app_init
                0x08006084      0x364 ./app/src/app.o
                0x08006084                app_init
 .text.logger_log_print_
                0x080063e8       0x28 ./app/src/logger.o
                0x080063e8                logger_log_print_
 .text.task_a   0x08006410      0x174 ./app/src/task_a.o
                0x08006410                task_a
 .text.task_b   0x08006584      0x1a0 ./app/src/task_b.o
                0x08006584                task_b
 .text.task_test
                0x08006724      0x2a4 ./app/src/task_test.o
                0x08006724                task_test
 .text.findslot
                0x080069c8       0x34 C:/ST/STM32CubeIDE_1.15.1/STM32CubeIDE/plugins/com.st.stm32cube.ide.mcu.externaltools.gnu-tools-for-stm32.12.3.rel1.win32_1.0.100.202403111256/tools/bin/../lib/gcc/arm-none-eabi/12.3.1/../../../../arm-none-eabi/lib/thumb/v7e-m+fp/hard\librdimon_nano.a(arm_librdimon_a-syscalls.o)
 .text.error    0x080069fc       0x1c C:/ST/STM32CubeIDE_1.15.1/STM32CubeIDE/plugins/com.st.stm32cube.ide.mcu.externaltools.gnu-tools-for-stm32.12.3.rel1.win32_1.0.100.202403111256/tools/bin/../lib/gcc/arm-none-eabi/12.3.1/../../../../arm-none-eabi/lib/thumb/v7e-m+fp/hard\librdimon_nano.a(arm_librdimon_a-syscalls.o)
 .text.checkerror
                0x08006a18        0xa C:/ST/STM32CubeIDE_1.15.1/STM32CubeIDE/plugins/com.st.stm32cube.ide.mcu.externaltools.gnu-tools-for-stm32.12.3.rel1.win32_1.0.100.202403111256/tools/bin/../lib/gcc/arm-none-eabi/12.3.1/../../../../arm-none-eabi/lib/thumb/v7e-m+fp/hard\librdimon_nano.a(arm_librdimon_a-syscalls.o)
 .text._swiread
                0x08006a22       0x20 C:/ST/STM32CubeIDE_1.15.1/STM32CubeIDE/plugins/com.st.stm32cube.ide.mcu.externaltools.gnu-tools-for-stm32.12.3.rel1.win32_1.0.100.202403111256/tools/bin/../lib/gcc/arm-none-eabi/12.3.1/../../../../arm-none-eabi/lib/thumb/v7e-m+fp/hard\librdimon_nano.a(arm_librdimon_a-syscalls.o)
                0x08006a22                _swiread
 .text._read    0x08006a42       0x34 C:/ST/STM32CubeIDE_1.15.1/STM32CubeIDE/plugins/com.st.stm32cube.ide.mcu.externaltools.gnu-tools-for-stm32.12.3.rel1.win32_1.0.100.202403111256/tools/bin/../lib/gcc/arm-none-eabi/12.3.1/../../../../arm-none-eabi/lib/thumb/v7e-m+fp/hard\librdimon_nano.a(arm_librdimon_a-syscalls.o)
                0x08006a42                _read
 .text._swilseek
                0x08006a76       0x78 C:/ST/STM32CubeIDE_1.15.1/STM32CubeIDE/plugins/com.st.stm32cube.ide.mcu.externaltools.gnu-tools-for-stm32.12.3.rel1.win32_1.0.100.202403111256/tools/bin/../lib/gcc/arm-none-eabi/12.3.1/../../../../arm-none-eabi/lib/thumb/v7e-m+fp/hard\librdimon_nano.a(arm_librdimon_a-syscalls.o)
                0x08006a76                _swilseek
 .text._lseek   0x08006aee        0x4 C:/ST/STM32CubeIDE_1.15.1/STM32CubeIDE/plugins/com.st.stm32cube.ide.mcu.externaltools.gnu-tools-for-stm32.12.3.rel1.win32_1.0.100.202403111256/tools/bin/../lib/gcc/arm-none-eabi/12.3.1/../../../../arm-none-eabi/lib/thumb/v7e-m+fp/hard\librdimon_nano.a(arm_librdimon_a-syscalls.o)
                0x08006aee                _lseek
 .text._swiwrite
                0x08006af2       0x20 C:/ST/STM32CubeIDE_1.15.1/STM32CubeIDE/plugins/com.st.stm32cube.ide.mcu.externaltools.gnu-tools-for-stm32.12.3.rel1.win32_1.0.100.202403111256/tools/bin/../lib/gcc/arm-none-eabi/12.3.1/../../../../arm-none-eabi/lib/thumb/v7e-m+fp/hard\librdimon_nano.a(arm_librdimon_a-syscalls.o)
                0x08006af2                _swiwrite
 .text._write   0x08006b12       0x40 C:/ST/STM32CubeIDE_1.15.1/STM32CubeIDE/plugins/com.st.stm32cube.ide.mcu.externaltools.gnu-tools-for-stm32.12.3.rel1.win32_1.0.100.202403111256/tools/bin/../lib/gcc/arm-none-eabi/12.3.1/../../../../arm-none-eabi/lib/thumb/v7e-m+fp/hard\librdimon_nano.a(arm_librdimon_a-syscalls.o)
                0x08006b12                _write
 .text._swiclose
                0x08006b52       0x1a C:/ST/STM32CubeIDE_1.15.1/STM32CubeIDE/plugins/com.st.stm32cube.ide.mcu.externaltools.gnu-tools-for-stm32.12.3.rel1.win32_1.0.100.202403111256/tools/bin/../lib/gcc/arm-none-eabi/12.3.1/../../../../arm-none-eabi/lib/thumb/v7e-m+fp/hard\librdimon_nano.a(arm_librdimon_a-syscalls.o)
                0x08006b52                _swiclose
 .text._close   0x08006b6c       0x44 C:/ST/STM32CubeIDE_1.15.1/STM32CubeIDE/plugins/com.st.stm32cube.ide.mcu.externaltools.gnu-tools-for-stm32.12.3.rel1.win32_1.0.100.202403111256/tools/bin/../lib/gcc/arm-none-eabi/12.3.1/../../../../arm-none-eabi/lib/thumb/v7e-m+fp/hard\librdimon_nano.a(arm_librdimon_a-syscalls.o)
                0x08006b6c                _close
 .text._swistat
                0x08006bb0       0x42 C:/ST/STM32CubeIDE_1.15.1/STM32CubeIDE/plugins/com.st.stm32cube.ide.mcu.externaltools.gnu-tools-for-stm32.12.3.rel1.win32_1.0.100.202403111256/tools/bin/../lib/gcc/arm-none-eabi/12.3.1/../../../../arm-none-eabi/lib/thumb/v7e-m+fp/hard\librdimon_nano.a(arm_librdimon_a-syscalls.o)
                0x08006bb0                _swistat
 .text._fstat   0x08006bf2       0x1c C:/ST/STM32CubeIDE_1.15.1/STM32CubeIDE/plugins/com.st.stm32cube.ide.mcu.externaltools.gnu-tools-for-stm32.12.3.rel1.win32_1.0.100.202403111256/tools/bin/../lib/gcc/arm-none-eabi/12.3.1/../../../../arm-none-eabi/lib/thumb/v7e-m+fp/hard\librdimon_nano.a(arm_librdimon_a-syscalls.o)
                0x08006bf2                _fstat
 .text._stat    0x08006c0e       0x3a C:/ST/STM32CubeIDE_1.15.1/STM32CubeIDE/plugins/com.st.stm32cube.ide.mcu.externaltools.gnu-tools-for-stm32.12.3.rel1.win32_1.0.100.202403111256/tools/bin/../lib/gcc/arm-none-eabi/12.3.1/../../../../arm-none-eabi/lib/thumb/v7e-m+fp/hard\librdimon_nano.a(arm_librdimon_a-syscalls.o)
                0x08006c0e                _stat
 .text._swiopen
                0x08006c48       0xb0 C:/ST/STM32CubeIDE_1.15.1/STM32CubeIDE/plugins/com.st.stm32cube.ide.mcu.externaltools.gnu-tools-for-stm32.12.3.rel1.win32_1.0.100.202403111256/tools/bin/../lib/gcc/arm-none-eabi/12.3.1/../../../../arm-none-eabi/lib/thumb/v7e-m+fp/hard\librdimon_nano.a(arm_librdimon_a-syscalls.o)
                0x08006c48                _swiopen
 .text._get_semihosting_exts
                0x08006cf8       0xb4 C:/ST/STM32CubeIDE_1.15.1/STM32CubeIDE/plugins/com.st.stm32cube.ide.mcu.externaltools.gnu-tools-for-stm32.12.3.rel1.win32_1.0.100.202403111256/tools/bin/../lib/gcc/arm-none-eabi/12.3.1/../../../../arm-none-eabi/lib/thumb/v7e-m+fp/hard\librdimon_nano.a(arm_librdimon_a-syscalls.o)
                0x08006cf8                _get_semihosting_exts
 .text.initialise_semihosting_exts
                0x08006dac       0x34 C:/ST/STM32CubeIDE_1.15.1/STM32CubeIDE/plugins/com.st.stm32cube.ide.mcu.externaltools.gnu-tools-for-stm32.12.3.rel1.win32_1.0.100.202403111256/tools/bin/../lib/gcc/arm-none-eabi/12.3.1/../../../../arm-none-eabi/lib/thumb/v7e-m+fp/hard\librdimon_nano.a(arm_librdimon_a-syscalls.o)
 .text._has_ext_stdout_stderr
                0x08006de0       0x18 C:/ST/STM32CubeIDE_1.15.1/STM32CubeIDE/plugins/com.st.stm32cube.ide.mcu.externaltools.gnu-tools-for-stm32.12.3.rel1.win32_1.0.100.202403111256/tools/bin/../lib/gcc/arm-none-eabi/12.3.1/../../../../arm-none-eabi/lib/thumb/v7e-m+fp/hard\librdimon_nano.a(arm_librdimon_a-syscalls.o)
                0x08006de0                _has_ext_stdout_stderr
 .text.initialise_monitor_handles
                0x08006df8       0xc0 C:/ST/STM32CubeIDE_1.15.1/STM32CubeIDE/plugins/com.st.stm32cube.ide.mcu.externaltools.gnu-tools-for-stm32.12.3.rel1.win32_1.0.100.202403111256/tools/bin/../lib/gcc/arm-none-eabi/12.3.1/../../../../arm-none-eabi/lib/thumb/v7e-m+fp/hard\librdimon_nano.a(arm_librdimon_a-syscalls.o)
                0x08006df8                initialise_monitor_handles
 .text._isatty  0x08006eb8       0x3a C:/ST/STM32CubeIDE_1.15.1/STM32CubeIDE/plugins/com.st.stm32cube.ide.mcu.externaltools.gnu-tools-for-stm32.12.3.rel1.win32_1.0.100.202403111256/tools/bin/../lib/gcc/arm-none-eabi/12.3.1/../../../../arm-none-eabi/lib/thumb/v7e-m+fp/hard\librdimon_nano.a(arm_librdimon_a-syscalls.o)
                0x08006eb8                _isatty
 *fill*         0x08006ef2        0x2 
 .text.__sflush_r
                0x08006ef4      0x108 C:/ST/STM32CubeIDE_1.15.1/STM32CubeIDE/plugins/com.st.stm32cube.ide.mcu.externaltools.gnu-tools-for-stm32.12.3.rel1.win32_1.0.100.202403111256/tools/bin/../lib/gcc/arm-none-eabi/12.3.1/../../../../arm-none-eabi/lib/thumb/v7e-m+fp/hard\libc_nano.a(libc_a-fflush.o)
                0x08006ef4                __sflush_r
 .text._fflush_r
                0x08006ffc       0x50 C:/ST/STM32CubeIDE_1.15.1/STM32CubeIDE/plugins/com.st.stm32cube.ide.mcu.externaltools.gnu-tools-for-stm32.12.3.rel1.win32_1.0.100.202403111256/tools/bin/../lib/gcc/arm-none-eabi/12.3.1/../../../../arm-none-eabi/lib/thumb/v7e-m+fp/hard\libc_nano.a(libc_a-fflush.o)
                0x08006ffc                _fflush_r
 .text.fflush   0x0800704c       0x28 C:/ST/STM32CubeIDE_1.15.1/STM32CubeIDE/plugins/com.st.stm32cube.ide.mcu.externaltools.gnu-tools-for-stm32.12.3.rel1.win32_1.0.100.202403111256/tools/bin/../lib/gcc/arm-none-eabi/12.3.1/../../../../arm-none-eabi/lib/thumb/v7e-m+fp/hard\libc_nano.a(libc_a-fflush.o)
                0x0800704c                fflush
 .text.std      0x08007074       0x6c C:/ST/STM32CubeIDE_1.15.1/STM32CubeIDE/plugins/com.st.stm32cube.ide.mcu.externaltools.gnu-tools-for-stm32.12.3.rel1.win32_1.0.100.202403111256/tools/bin/../lib/gcc/arm-none-eabi/12.3.1/../../../../arm-none-eabi/lib/thumb/v7e-m+fp/hard\libc_nano.a(libc_a-findfp.o)
 .text.stdio_exit_handler
                0x080070e0       0x18 C:/ST/STM32CubeIDE_1.15.1/STM32CubeIDE/plugins/com.st.stm32cube.ide.mcu.externaltools.gnu-tools-for-stm32.12.3.rel1.win32_1.0.100.202403111256/tools/bin/../lib/gcc/arm-none-eabi/12.3.1/../../../../arm-none-eabi/lib/thumb/v7e-m+fp/hard\libc_nano.a(libc_a-findfp.o)
 .text.cleanup_stdio
                0x080070f8       0x40 C:/ST/STM32CubeIDE_1.15.1/STM32CubeIDE/plugins/com.st.stm32cube.ide.mcu.externaltools.gnu-tools-for-stm32.12.3.rel1.win32_1.0.100.202403111256/tools/bin/../lib/gcc/arm-none-eabi/12.3.1/../../../../arm-none-eabi/lib/thumb/v7e-m+fp/hard\libc_nano.a(libc_a-findfp.o)
 .text.global_stdio_init.part.0
                0x08007138       0x3c C:/ST/STM32CubeIDE_1.15.1/STM32CubeIDE/plugins/com.st.stm32cube.ide.mcu.externaltools.gnu-tools-for-stm32.12.3.rel1.win32_1.0.100.202403111256/tools/bin/../lib/gcc/arm-none-eabi/12.3.1/../../../../arm-none-eabi/lib/thumb/v7e-m+fp/hard\libc_nano.a(libc_a-findfp.o)
 .text.__sfp_lock_acquire
                0x08007174        0xc C:/ST/STM32CubeIDE_1.15.1/STM32CubeIDE/plugins/com.st.stm32cube.ide.mcu.externaltools.gnu-tools-for-stm32.12.3.rel1.win32_1.0.100.202403111256/tools/bin/../lib/gcc/arm-none-eabi/12.3.1/../../../../arm-none-eabi/lib/thumb/v7e-m+fp/hard\libc_nano.a(libc_a-findfp.o)
                0x08007174                __sfp_lock_acquire
 .text.__sfp_lock_release
                0x08007180        0xc C:/ST/STM32CubeIDE_1.15.1/STM32CubeIDE/plugins/com.st.stm32cube.ide.mcu.externaltools.gnu-tools-for-stm32.12.3.rel1.win32_1.0.100.202403111256/tools/bin/../lib/gcc/arm-none-eabi/12.3.1/../../../../arm-none-eabi/lib/thumb/v7e-m+fp/hard\libc_nano.a(libc_a-findfp.o)
                0x08007180                __sfp_lock_release
 .text.__sinit  0x0800718c       0x30 C:/ST/STM32CubeIDE_1.15.1/STM32CubeIDE/plugins/com.st.stm32cube.ide.mcu.externaltools.gnu-tools-for-stm32.12.3.rel1.win32_1.0.100.202403111256/tools/bin/../lib/gcc/arm-none-eabi/12.3.1/../../../../arm-none-eabi/lib/thumb/v7e-m+fp/hard\libc_nano.a(libc_a-findfp.o)
                0x0800718c                __sinit
 .text._fwalk_sglue
                0x080071bc       0x3c C:/ST/STM32CubeIDE_1.15.1/STM32CubeIDE/plugins/com.st.stm32cube.ide.mcu.externaltools.gnu-tools-for-stm32.12.3.rel1.win32_1.0.100.202403111256/tools/bin/../lib/gcc/arm-none-eabi/12.3.1/../../../../arm-none-eabi/lib/thumb/v7e-m+fp/hard\libc_nano.a(libc_a-fwalk.o)
                0x080071bc                _fwalk_sglue
 .text.printf   0x080071f8       0x24 C:/ST/STM32CubeIDE_1.15.1/STM32CubeIDE/plugins/com.st.stm32cube.ide.mcu.externaltools.gnu-tools-for-stm32.12.3.rel1.win32_1.0.100.202403111256/tools/bin/../lib/gcc/arm-none-eabi/12.3.1/../../../../arm-none-eabi/lib/thumb/v7e-m+fp/hard\libc_nano.a(libc_a-printf.o)
                0x080071f8                iprintf
                0x080071f8                printf
 .text.snprintf
                0x0800721c       0x68 C:/ST/STM32CubeIDE_1.15.1/STM32CubeIDE/plugins/com.st.stm32cube.ide.mcu.externaltools.gnu-tools-for-stm32.12.3.rel1.win32_1.0.100.202403111256/tools/bin/../lib/gcc/arm-none-eabi/12.3.1/../../../../arm-none-eabi/lib/thumb/v7e-m+fp/hard\libc_nano.a(libc_a-snprintf.o)
                0x0800721c                sniprintf
                0x0800721c                snprintf
 .text.__sread  0x08007284       0x22 C:/ST/STM32CubeIDE_1.15.1/STM32CubeIDE/plugins/com.st.stm32cube.ide.mcu.externaltools.gnu-tools-for-stm32.12.3.rel1.win32_1.0.100.202403111256/tools/bin/../lib/gcc/arm-none-eabi/12.3.1/../../../../arm-none-eabi/lib/thumb/v7e-m+fp/hard\libc_nano.a(libc_a-stdio.o)
                0x08007284                __sread
 .text.__swrite
                0x080072a6       0x38 C:/ST/STM32CubeIDE_1.15.1/STM32CubeIDE/plugins/com.st.stm32cube.ide.mcu.externaltools.gnu-tools-for-stm32.12.3.rel1.win32_1.0.100.202403111256/tools/bin/../lib/gcc/arm-none-eabi/12.3.1/../../../../arm-none-eabi/lib/thumb/v7e-m+fp/hard\libc_nano.a(libc_a-stdio.o)
                0x080072a6                __swrite
 .text.__sseek  0x080072de       0x24 C:/ST/STM32CubeIDE_1.15.1/STM32CubeIDE/plugins/com.st.stm32cube.ide.mcu.externaltools.gnu-tools-for-stm32.12.3.rel1.win32_1.0.100.202403111256/tools/bin/../lib/gcc/arm-none-eabi/12.3.1/../../../../arm-none-eabi/lib/thumb/v7e-m+fp/hard\libc_nano.a(libc_a-stdio.o)
                0x080072de                __sseek
 .text.__sclose
                0x08007302        0x8 C:/ST/STM32CubeIDE_1.15.1/STM32CubeIDE/plugins/com.st.stm32cube.ide.mcu.externaltools.gnu-tools-for-stm32.12.3.rel1.win32_1.0.100.202403111256/tools/bin/../lib/gcc/arm-none-eabi/12.3.1/../../../../arm-none-eabi/lib/thumb/v7e-m+fp/hard\libc_nano.a(libc_a-stdio.o)
                0x08007302                __sclose
 .text.memset   0x0800730a       0x10 C:/ST/STM32CubeIDE_1.15.1/STM32CubeIDE/plugins/com.st.stm32cube.ide.mcu.externaltools.gnu-tools-for-stm32.12.3.rel1.win32_1.0.100.202403111256/tools/bin/../lib/gcc/arm-none-eabi/12.3.1/../../../../arm-none-eabi/lib/thumb/v7e-m+fp/hard\libc_nano.a(libc_a-memset.o)
                0x0800730a                memset
 *fill*         0x0800731a        0x2 
 .text._close_r
                0x0800731c       0x20 C:/ST/STM32CubeIDE_1.15.1/STM32CubeIDE/plugins/com.st.stm32cube.ide.mcu.externaltools.gnu-tools-for-stm32.12.3.rel1.win32_1.0.100.202403111256/tools/bin/../lib/gcc/arm-none-eabi/12.3.1/../../../../arm-none-eabi/lib/thumb/v7e-m+fp/hard\libc_nano.a(libc_a-closer.o)
                0x0800731c                _close_r
 .text._reclaim_reent
                0x0800733c       0xac C:/ST/STM32CubeIDE_1.15.1/STM32CubeIDE/plugins/com.st.stm32cube.ide.mcu.externaltools.gnu-tools-for-stm32.12.3.rel1.win32_1.0.100.202403111256/tools/bin/../lib/gcc/arm-none-eabi/12.3.1/../../../../arm-none-eabi/lib/thumb/v7e-m+fp/hard\libc_nano.a(libc_a-reent.o)
                0x0800733c                _reclaim_reent
 .text._lseek_r
                0x080073e8       0x24 C:/ST/STM32CubeIDE_1.15.1/STM32CubeIDE/plugins/com.st.stm32cube.ide.mcu.externaltools.gnu-tools-for-stm32.12.3.rel1.win32_1.0.100.202403111256/tools/bin/../lib/gcc/arm-none-eabi/12.3.1/../../../../arm-none-eabi/lib/thumb/v7e-m+fp/hard\libc_nano.a(libc_a-lseekr.o)
                0x080073e8                _lseek_r
 .text._read_r  0x0800740c       0x24 C:/ST/STM32CubeIDE_1.15.1/STM32CubeIDE/plugins/com.st.stm32cube.ide.mcu.externaltools.gnu-tools-for-stm32.12.3.rel1.win32_1.0.100.202403111256/tools/bin/../lib/gcc/arm-none-eabi/12.3.1/../../../../arm-none-eabi/lib/thumb/v7e-m+fp/hard\libc_nano.a(libc_a-readr.o)
                0x0800740c                _read_r
 .text._write_r
                0x08007430       0x24 C:/ST/STM32CubeIDE_1.15.1/STM32CubeIDE/plugins/com.st.stm32cube.ide.mcu.externaltools.gnu-tools-for-stm32.12.3.rel1.win32_1.0.100.202403111256/tools/bin/../lib/gcc/arm-none-eabi/12.3.1/../../../../arm-none-eabi/lib/thumb/v7e-m+fp/hard\libc_nano.a(libc_a-writer.o)
                0x08007430                _write_r
 .text.__errno  0x08007454        0xc C:/ST/STM32CubeIDE_1.15.1/STM32CubeIDE/plugins/com.st.stm32cube.ide.mcu.externaltools.gnu-tools-for-stm32.12.3.rel1.win32_1.0.100.202403111256/tools/bin/../lib/gcc/arm-none-eabi/12.3.1/../../../../arm-none-eabi/lib/thumb/v7e-m+fp/hard\libc_nano.a(libc_a-errno.o)
                0x08007454                __errno
 .text.__libc_init_array
                0x08007460       0x48 C:/ST/STM32CubeIDE_1.15.1/STM32CubeIDE/plugins/com.st.stm32cube.ide.mcu.externaltools.gnu-tools-for-stm32.12.3.rel1.win32_1.0.100.202403111256/tools/bin/../lib/gcc/arm-none-eabi/12.3.1/../../../../arm-none-eabi/lib/thumb/v7e-m+fp/hard\libc_nano.a(libc_a-init.o)
                0x08007460                __libc_init_array
 .text.__retarget_lock_init_recursive
                0x080074a8        0x2 C:/ST/STM32CubeIDE_1.15.1/STM32CubeIDE/plugins/com.st.stm32cube.ide.mcu.externaltools.gnu-tools-for-stm32.12.3.rel1.win32_1.0.100.202403111256/tools/bin/../lib/gcc/arm-none-eabi/12.3.1/../../../../arm-none-eabi/lib/thumb/v7e-m+fp/hard\libc_nano.a(libc_a-lock.o)
                0x080074a8                __retarget_lock_init_recursive
 .text.__retarget_lock_acquire_recursive
                0x080074aa        0x2 C:/ST/STM32CubeIDE_1.15.1/STM32CubeIDE/plugins/com.st.stm32cube.ide.mcu.externaltools.gnu-tools-for-stm32.12.3.rel1.win32_1.0.100.202403111256/tools/bin/../lib/gcc/arm-none-eabi/12.3.1/../../../../arm-none-eabi/lib/thumb/v7e-m+fp/hard\libc_nano.a(libc_a-lock.o)
                0x080074aa                __retarget_lock_acquire_recursive
 .text.__retarget_lock_release_recursive
                0x080074ac        0x2 C:/ST/STM32CubeIDE_1.15.1/STM32CubeIDE/plugins/com.st.stm32cube.ide.mcu.externaltools.gnu-tools-for-stm32.12.3.rel1.win32_1.0.100.202403111256/tools/bin/../lib/gcc/arm-none-eabi/12.3.1/../../../../arm-none-eabi/lib/thumb/v7e-m+fp/hard\libc_nano.a(libc_a-lock.o)
                0x080074ac                __retarget_lock_release_recursive
 .text.memcpy   0x080074ae       0x1c C:/ST/STM32CubeIDE_1.15.1/STM32CubeIDE/plugins/com.st.stm32cube.ide.mcu.externaltools.gnu-tools-for-stm32.12.3.rel1.win32_1.0.100.202403111256/tools/bin/../lib/gcc/arm-none-eabi/12.3.1/../../../../arm-none-eabi/lib/thumb/v7e-m+fp/hard\libc_nano.a(libc_a-memcpy-stub.o)
                0x080074ae                memcpy
 *fill*         0x080074ca        0x2 
 .text._free_r  0x080074cc       0x94 C:/ST/STM32CubeIDE_1.15.1/STM32CubeIDE/plugins/com.st.stm32cube.ide.mcu.externaltools.gnu-tools-for-stm32.12.3.rel1.win32_1.0.100.202403111256/tools/bin/../lib/gcc/arm-none-eabi/12.3.1/../../../../arm-none-eabi/lib/thumb/v7e-m+fp/hard\libc_nano.a(libc_a-freer.o)
                0x080074cc                _free_r
 .text.sbrk_aligned
                0x08007560       0x44 C:/ST/STM32CubeIDE_1.15.1/STM32CubeIDE/plugins/com.st.stm32cube.ide.mcu.externaltools.gnu-tools-for-stm32.12.3.rel1.win32_1.0.100.202403111256/tools/bin/../lib/gcc/arm-none-eabi/12.3.1/../../../../arm-none-eabi/lib/thumb/v7e-m+fp/hard\libc_nano.a(libc_a-mallocr.o)
 .text._malloc_r
                0x080075a4      0x100 C:/ST/STM32CubeIDE_1.15.1/STM32CubeIDE/plugins/com.st.stm32cube.ide.mcu.externaltools.gnu-tools-for-stm32.12.3.rel1.win32_1.0.100.202403111256/tools/bin/../lib/gcc/arm-none-eabi/12.3.1/../../../../arm-none-eabi/lib/thumb/v7e-m+fp/hard\libc_nano.a(libc_a-mallocr.o)
                0x080075a4                _malloc_r
 .text.__malloc_lock
                0x080076a4        0xc C:/ST/STM32CubeIDE_1.15.1/STM32CubeIDE/plugins/com.st.stm32cube.ide.mcu.externaltools.gnu-tools-for-stm32.12.3.rel1.win32_1.0.100.202403111256/tools/bin/../lib/gcc/arm-none-eabi/12.3.1/../../../../arm-none-eabi/lib/thumb/v7e-m+fp/hard\libc_nano.a(libc_a-mlock.o)
                0x080076a4                __malloc_lock
 .text.__malloc_unlock
                0x080076b0        0xc C:/ST/STM32CubeIDE_1.15.1/STM32CubeIDE/plugins/com.st.stm32cube.ide.mcu.externaltools.gnu-tools-for-stm32.12.3.rel1.win32_1.0.100.202403111256/tools/bin/../lib/gcc/arm-none-eabi/12.3.1/../../../../arm-none-eabi/lib/thumb/v7e-m+fp/hard\libc_nano.a(libc_a-mlock.o)
                0x080076b0                __malloc_unlock
 .text.__ssputs_r
                0x080076bc       0xb6 C:/ST/STM32CubeIDE_1.15.1/STM32CubeIDE/plugins/com.st.stm32cube.ide.mcu.externaltools.gnu-tools-for-stm32.12.3.rel1.win32_1.0.100.202403111256/tools/bin/../lib/gcc/arm-none-eabi/12.3.1/../../../../arm-none-eabi/lib/thumb/v7e-m+fp/hard\libc_nano.a(libc_a-nano-svfprintf.o)
                0x080076bc                __ssputs_r
 *fill*         0x08007772        0x2 
 .text._svfprintf_r
                0x08007774      0x1f8 C:/ST/STM32CubeIDE_1.15.1/STM32CubeIDE/plugins/com.st.stm32cube.ide.mcu.externaltools.gnu-tools-for-stm32.12.3.rel1.win32_1.0.100.202403111256/tools/bin/../lib/gcc/arm-none-eabi/12.3.1/../../../../arm-none-eabi/lib/thumb/v7e-m+fp/hard\libc_nano.a(libc_a-nano-svfprintf.o)
                0x08007774                _svfiprintf_r
                0x08007774                _svfprintf_r
 .text.__sfputc_r
                0x0800796c       0x2e C:/ST/STM32CubeIDE_1.15.1/STM32CubeIDE/plugins/com.st.stm32cube.ide.mcu.externaltools.gnu-tools-for-stm32.12.3.rel1.win32_1.0.100.202403111256/tools/bin/../lib/gcc/arm-none-eabi/12.3.1/../../../../arm-none-eabi/lib/thumb/v7e-m+fp/hard\libc_nano.a(libc_a-nano-vfprintf.o)
 .text.__sfputs_r
                0x0800799a       0x24 C:/ST/STM32CubeIDE_1.15.1/STM32CubeIDE/plugins/com.st.stm32cube.ide.mcu.externaltools.gnu-tools-for-stm32.12.3.rel1.win32_1.0.100.202403111256/tools/bin/../lib/gcc/arm-none-eabi/12.3.1/../../../../arm-none-eabi/lib/thumb/v7e-m+fp/hard\libc_nano.a(libc_a-nano-vfprintf.o)
                0x0800799a                __sfputs_r
 *fill*         0x080079be        0x2 
 .text._vfprintf_r
                0x080079c0      0x230 C:/ST/STM32CubeIDE_1.15.1/STM32CubeIDE/plugins/com.st.stm32cube.ide.mcu.externaltools.gnu-tools-for-stm32.12.3.rel1.win32_1.0.100.202403111256/tools/bin/../lib/gcc/arm-none-eabi/12.3.1/../../../../arm-none-eabi/lib/thumb/v7e-m+fp/hard\libc_nano.a(libc_a-nano-vfprintf.o)
                0x080079c0                _vfprintf_r
                0x080079c0                _vfiprintf_r
 .text._printf_common
                0x08007bf0       0xda C:/ST/STM32CubeIDE_1.15.1/STM32CubeIDE/plugins/com.st.stm32cube.ide.mcu.externaltools.gnu-tools-for-stm32.12.3.rel1.win32_1.0.100.202403111256/tools/bin/../lib/gcc/arm-none-eabi/12.3.1/../../../../arm-none-eabi/lib/thumb/v7e-m+fp/hard\libc_nano.a(libc_a-nano-vfprintf_i.o)
                0x08007bf0                _printf_common
 *fill*         0x08007cca        0x2 
 .text._printf_i
                0x08007ccc      0x240 C:/ST/STM32CubeIDE_1.15.1/STM32CubeIDE/plugins/com.st.stm32cube.ide.mcu.externaltools.gnu-tools-for-stm32.12.3.rel1.win32_1.0.100.202403111256/tools/bin/../lib/gcc/arm-none-eabi/12.3.1/../../../../arm-none-eabi/lib/thumb/v7e-m+fp/hard\libc_nano.a(libc_a-nano-vfprintf_i.o)
                0x08007ccc                _printf_i
 .text.__swbuf_r
                0x08007f0c       0x7c C:/ST/STM32CubeIDE_1.15.1/STM32CubeIDE/plugins/com.st.stm32cube.ide.mcu.externaltools.gnu-tools-for-stm32.12.3.rel1.win32_1.0.100.202403111256/tools/bin/../lib/gcc/arm-none-eabi/12.3.1/../../../../arm-none-eabi/lib/thumb/v7e-m+fp/hard\libc_nano.a(libc_a-wbuf.o)
                0x08007f0c                __swbuf_r
 .text.__swsetup_r
                0x08007f88       0xac C:/ST/STM32CubeIDE_1.15.1/STM32CubeIDE/plugins/com.st.stm32cube.ide.mcu.externaltools.gnu-tools-for-stm32.12.3.rel1.win32_1.0.100.202403111256/tools/bin/../lib/gcc/arm-none-eabi/12.3.1/../../../../arm-none-eabi/lib/thumb/v7e-m+fp/hard\libc_nano.a(libc_a-wsetup.o)
                0x08007f88                __swsetup_r
 .text.memmove  0x08008034       0x34 C:/ST/STM32CubeIDE_1.15.1/STM32CubeIDE/plugins/com.st.stm32cube.ide.mcu.externaltools.gnu-tools-for-stm32.12.3.rel1.win32_1.0.100.202403111256/tools/bin/../lib/gcc/arm-none-eabi/12.3.1/../../../../arm-none-eabi/lib/thumb/v7e-m+fp/hard\libc_nano.a(libc_a-memmove.o)
                0x08008034                memmove
 .text._sbrk_r  0x08008068       0x20 C:/ST/STM32CubeIDE_1.15.1/STM32CubeIDE/plugins/com.st.stm32cube.ide.mcu.externaltools.gnu-tools-for-stm32.12.3.rel1.win32_1.0.100.202403111256/tools/bin/../lib/gcc/arm-none-eabi/12.3.1/../../../../arm-none-eabi/lib/thumb/v7e-m+fp/hard\libc_nano.a(libc_a-sbrkr.o)
                0x08008068                _sbrk_r
 .text._realloc_r
                0x08008088       0x5c C:/ST/STM32CubeIDE_1.15.1/STM32CubeIDE/plugins/com.st.stm32cube.ide.mcu.externaltools.gnu-tools-for-stm32.12.3.rel1.win32_1.0.100.202403111256/tools/bin/../lib/gcc/arm-none-eabi/12.3.1/../../../../arm-none-eabi/lib/thumb/v7e-m+fp/hard\libc_nano.a(libc_a-reallocr.o)
                0x08008088                _realloc_r
 .text.__swhatbuf_r
                0x080080e4       0x4c C:/ST/STM32CubeIDE_1.15.1/STM32CubeIDE/plugins/com.st.stm32cube.ide.mcu.externaltools.gnu-tools-for-stm32.12.3.rel1.win32_1.0.100.202403111256/tools/bin/../lib/gcc/arm-none-eabi/12.3.1/../../../../arm-none-eabi/lib/thumb/v7e-m+fp/hard\libc_nano.a(libc_a-makebuf.o)
                0x080080e4                __swhatbuf_r
 .text.__smakebuf_r
                0x08008130       0x78 C:/ST/STM32CubeIDE_1.15.1/STM32CubeIDE/plugins/com.st.stm32cube.ide.mcu.externaltools.gnu-tools-for-stm32.12.3.rel1.win32_1.0.100.202403111256/tools/bin/../lib/gcc/arm-none-eabi/12.3.1/../../../../arm-none-eabi/lib/thumb/v7e-m+fp/hard\libc_nano.a(libc_a-makebuf.o)
                0x08008130                __smakebuf_r
 .text._fstat_r
                0x080081a8       0x24 C:/ST/STM32CubeIDE_1.15.1/STM32CubeIDE/plugins/com.st.stm32cube.ide.mcu.externaltools.gnu-tools-for-stm32.12.3.rel1.win32_1.0.100.202403111256/tools/bin/../lib/gcc/arm-none-eabi/12.3.1/../../../../arm-none-eabi/lib/thumb/v7e-m+fp/hard\libc_nano.a(libc_a-fstatr.o)
                0x080081a8                _fstat_r
 .text._isatty_r
                0x080081cc       0x20 C:/ST/STM32CubeIDE_1.15.1/STM32CubeIDE/plugins/com.st.stm32cube.ide.mcu.externaltools.gnu-tools-for-stm32.12.3.rel1.win32_1.0.100.202403111256/tools/bin/../lib/gcc/arm-none-eabi/12.3.1/../../../../arm-none-eabi/lib/thumb/v7e-m+fp/hard\libc_nano.a(libc_a-isattyr.o)
                0x080081cc                _isatty_r
 .text._malloc_usable_size_r
                0x080081ec       0x10 C:/ST/STM32CubeIDE_1.15.1/STM32CubeIDE/plugins/com.st.stm32cube.ide.mcu.externaltools.gnu-tools-for-stm32.12.3.rel1.win32_1.0.100.202403111256/tools/bin/../lib/gcc/arm-none-eabi/12.3.1/../../../../arm-none-eabi/lib/thumb/v7e-m+fp/hard\libc_nano.a(libc_a-msizer.o)
                0x080081ec                _malloc_usable_size_r
 *(.glue_7)
 .glue_7        0x080081fc        0x0 linker stubs
 *(.glue_7t)
 .glue_7t       0x080081fc        0x0 linker stubs
 *(.eh_frame)
 .eh_frame      0x080081fc        0x0 C:/ST/STM32CubeIDE_1.15.1/STM32CubeIDE/plugins/com.st.stm32cube.ide.mcu.externaltools.gnu-tools-for-stm32.12.3.rel1.win32_1.0.100.202403111256/tools/bin/../lib/gcc/arm-none-eabi/12.3.1/thumb/v7e-m+fp/hard/crtbegin.o
 *(.init)
 .init          0x080081fc        0x4 C:/ST/STM32CubeIDE_1.15.1/STM32CubeIDE/plugins/com.st.stm32cube.ide.mcu.externaltools.gnu-tools-for-stm32.12.3.rel1.win32_1.0.100.202403111256/tools/bin/../lib/gcc/arm-none-eabi/12.3.1/thumb/v7e-m+fp/hard/crti.o
                0x080081fc                _init
 .init          0x08008200        0x8 C:/ST/STM32CubeIDE_1.15.1/STM32CubeIDE/plugins/com.st.stm32cube.ide.mcu.externaltools.gnu-tools-for-stm32.12.3.rel1.win32_1.0.100.202403111256/tools/bin/../lib/gcc/arm-none-eabi/12.3.1/thumb/v7e-m+fp/hard/crtn.o
 *(.fini)
 .fini          0x08008208        0x4 C:/ST/STM32CubeIDE_1.15.1/STM32CubeIDE/plugins/com.st.stm32cube.ide.mcu.externaltools.gnu-tools-for-stm32.12.3.rel1.win32_1.0.100.202403111256/tools/bin/../lib/gcc/arm-none-eabi/12.3.1/thumb/v7e-m+fp/hard/crti.o
                0x08008208                _fini
 .fini          0x0800820c        0x8 C:/ST/STM32CubeIDE_1.15.1/STM32CubeIDE/plugins/com.st.stm32cube.ide.mcu.externaltools.gnu-tools-for-stm32.12.3.rel1.win32_1.0.100.202403111256/tools/bin/../lib/gcc/arm-none-eabi/12.3.1/thumb/v7e-m+fp/hard/crtn.o
                0x08008214                        . = ALIGN (0x4)
                0x08008214                        _etext = .

.vfp11_veneer   0x08008214        0x0
 .vfp11_veneer  0x08008214        0x0 linker stubs

.v4_bx          0x08008214        0x0
 .v4_bx         0x08008214        0x0 linker stubs

.iplt           0x08008214        0x0
 .iplt          0x08008214        0x0 C:/ST/STM32CubeIDE_1.15.1/STM32CubeIDE/plugins/com.st.stm32cube.ide.mcu.externaltools.gnu-tools-for-stm32.12.3.rel1.win32_1.0.100.202403111256/tools/bin/../lib/gcc/arm-none-eabi/12.3.1/thumb/v7e-m+fp/hard/crtbegin.o

.rodata         0x08008214      0x558
                0x08008214                        . = ALIGN (0x4)
 *(.rodata)
 .rodata        0x08008214       0x30 ./Middlewares/Third_Party/FreeRTOS/Source/tasks.o
 .rodata        0x08008244      0x146 ./app/src/app.o
 *fill*         0x0800838a        0x2 
 .rodata        0x0800838c       0xe7 ./app/src/task_a.o
 *fill*         0x08008473        0x1 
 .rodata        0x08008474       0xe7 ./app/src/task_b.o
 *fill*         0x0800855b        0x1 
 .rodata        0x0800855c      0x19f ./app/src/task_test.o
 *(.rodata*)
 *fill*         0x080086fb        0x1 
 .rodata.AHBPrescTable
                0x080086fc       0x10 ./Core/Src/system_stm32f4xx.o
                0x080086fc                AHBPrescTable
 .rodata.APBPrescTable
                0x0800870c        0x8 ./Core/Src/system_stm32f4xx.o
                0x0800870c                APBPrescTable
 .rodata.logger_msg
                0x08008714        0x4 ./app/src/logger.o
                0x08008714                logger_msg
 .rodata.e_task_test_array
                0x08008718        0x4 ./app/src/task_test.o
                0x08008718                e_task_test_array
 .rodata._get_semihosting_exts.str1.1
                0x0800871c       0x16 C:/ST/STM32CubeIDE_1.15.1/STM32CubeIDE/plugins/com.st.stm32cube.ide.mcu.externaltools.gnu-tools-for-stm32.12.3.rel1.win32_1.0.100.202403111256/tools/bin/../lib/gcc/arm-none-eabi/12.3.1/../../../../arm-none-eabi/lib/thumb/v7e-m+fp/hard\librdimon_nano.a(arm_librdimon_a-syscalls.o)
 .rodata.initialise_monitor_handles.str1.1
                0x08008732        0x4 C:/ST/STM32CubeIDE_1.15.1/STM32CubeIDE/plugins/com.st.stm32cube.ide.mcu.externaltools.gnu-tools-for-stm32.12.3.rel1.win32_1.0.100.202403111256/tools/bin/../lib/gcc/arm-none-eabi/12.3.1/../../../../arm-none-eabi/lib/thumb/v7e-m+fp/hard\librdimon_nano.a(arm_librdimon_a-syscalls.o)
 .rodata._svfprintf_r.str1.1
                0x08008736       0x11 C:/ST/STM32CubeIDE_1.15.1/STM32CubeIDE/plugins/com.st.stm32cube.ide.mcu.externaltools.gnu-tools-for-stm32.12.3.rel1.win32_1.0.100.202403111256/tools/bin/../lib/gcc/arm-none-eabi/12.3.1/../../../../arm-none-eabi/lib/thumb/v7e-m+fp/hard\libc_nano.a(libc_a-nano-svfprintf.o)
 .rodata._vfprintf_r.str1.1
                0x08008747       0x11 C:/ST/STM32CubeIDE_1.15.1/STM32CubeIDE/plugins/com.st.stm32cube.ide.mcu.externaltools.gnu-tools-for-stm32.12.3.rel1.win32_1.0.100.202403111256/tools/bin/../lib/gcc/arm-none-eabi/12.3.1/../../../../arm-none-eabi/lib/thumb/v7e-m+fp/hard\libc_nano.a(libc_a-nano-vfprintf.o)
 .rodata._printf_i.str1.1
                0x08008747       0x22 C:/ST/STM32CubeIDE_1.15.1/STM32CubeIDE/plugins/com.st.stm32cube.ide.mcu.externaltools.gnu-tools-for-stm32.12.3.rel1.win32_1.0.100.202403111256/tools/bin/../lib/gcc/arm-none-eabi/12.3.1/../../../../arm-none-eabi/lib/thumb/v7e-m+fp/hard\libc_nano.a(libc_a-nano-vfprintf_i.o)
                0x0800876c                        . = ALIGN (0x4)
 *fill*         0x08008769        0x3 

.ARM.extab      0x0800876c        0x0
                0x0800876c                        . = ALIGN (0x4)
 *(.ARM.extab* .gnu.linkonce.armextab.*)
                0x0800876c                        . = ALIGN (0x4)

.ARM            0x0800876c        0x8
                0x0800876c                        . = ALIGN (0x4)
                0x0800876c                        __exidx_start = .
 *(.ARM.exidx*)
 .ARM.exidx     0x0800876c        0x8 C:/ST/STM32CubeIDE_1.15.1/STM32CubeIDE/plugins/com.st.stm32cube.ide.mcu.externaltools.gnu-tools-for-stm32.12.3.rel1.win32_1.0.100.202403111256/tools/bin/../lib/gcc/arm-none-eabi/12.3.1/../../../../arm-none-eabi/lib/thumb/v7e-m+fp/hard\libc_nano.a(libc_a-strlen.o)
 .ARM.exidx     0x08008774        0x0 C:/ST/STM32CubeIDE_1.15.1/STM32CubeIDE/plugins/com.st.stm32cube.ide.mcu.externaltools.gnu-tools-for-stm32.12.3.rel1.win32_1.0.100.202403111256/tools/bin/../lib/gcc/arm-none-eabi/12.3.1/../../../../arm-none-eabi/lib/thumb/v7e-m+fp/hard\libc_nano.a(libc_a-memchr.o)
                                  0x8 (size before relaxing)
 .ARM.exidx     0x08008774        0x0 C:/ST/STM32CubeIDE_1.15.1/STM32CubeIDE/plugins/com.st.stm32cube.ide.mcu.externaltools.gnu-tools-for-stm32.12.3.rel1.win32_1.0.100.202403111256/tools/bin/../lib/gcc/arm-none-eabi/12.3.1/thumb/v7e-m+fp/hard\libgcc.a(_udivmoddi4.o)
                                  0x8 (size before relaxing)
                0x08008774                        __exidx_end = .
                0x08008774                        . = ALIGN (0x4)

.rel.dyn        0x08008774        0x0
 .rel.iplt      0x08008774        0x0 C:/ST/STM32CubeIDE_1.15.1/STM32CubeIDE/plugins/com.st.stm32cube.ide.mcu.externaltools.gnu-tools-for-stm32.12.3.rel1.win32_1.0.100.202403111256/tools/bin/../lib/gcc/arm-none-eabi/12.3.1/thumb/v7e-m+fp/hard/crtbegin.o

.preinit_array  0x08008774        0x0
                0x08008774                        . = ALIGN (0x4)
                0x08008774                        PROVIDE (__preinit_array_start = .)
 *(.preinit_array*)
                0x08008774                        PROVIDE (__preinit_array_end = .)
                0x08008774                        . = ALIGN (0x4)

.init_array     0x08008774        0x4
                0x08008774                        . = ALIGN (0x4)
                0x08008774                        PROVIDE (__init_array_start = .)
 *(SORT_BY_NAME(.init_array.*))
 *(.init_array*)
 .init_array    0x08008774        0x4 C:/ST/STM32CubeIDE_1.15.1/STM32CubeIDE/plugins/com.st.stm32cube.ide.mcu.externaltools.gnu-tools-for-stm32.12.3.rel1.win32_1.0.100.202403111256/tools/bin/../lib/gcc/arm-none-eabi/12.3.1/thumb/v7e-m+fp/hard/crtbegin.o
                0x08008778                        PROVIDE (__init_array_end = .)
                0x08008778                        . = ALIGN (0x4)

.fini_array     0x08008778        0x4
                0x08008778                        . = ALIGN (0x4)
                [!provide]                        PROVIDE (__fini_array_start = .)
 *(SORT_BY_NAME(.fini_array.*))
 *(.fini_array*)
 .fini_array    0x08008778        0x4 C:/ST/STM32CubeIDE_1.15.1/STM32CubeIDE/plugins/com.st.stm32cube.ide.mcu.externaltools.gnu-tools-for-stm32.12.3.rel1.win32_1.0.100.202403111256/tools/bin/../lib/gcc/arm-none-eabi/12.3.1/thumb/v7e-m+fp/hard/crtbegin.o
                [!provide]                        PROVIDE (__fini_array_end = .)
                0x0800877c                        . = ALIGN (0x4)
                0x0800877c                        _sidata = LOADADDR (.data)

.data           0x20000000       0xcc load address 0x0800877c
                0x20000000                        . = ALIGN (0x4)
                0x20000000                        _sdata = .
 *(.data)
 *(.data*)
 .data.SystemCoreClock
                0x20000000        0x4 ./Core/Src/system_stm32f4xx.o
                0x20000000                SystemCoreClock
 .data.uwTickPrio
                0x20000004        0x4 ./Drivers/STM32F4xx_HAL_Driver/Src/stm32f4xx_hal.o
                0x20000004                uwTickPrio
 .data.uwTickFreq
                0x20000008        0x1 ./Drivers/STM32F4xx_HAL_Driver/Src/stm32f4xx_hal.o
                0x20000008                uwTickFreq
 *fill*         0x20000009        0x3 
 .data.uxCriticalNesting
                0x2000000c        0x4 ./Middlewares/Third_Party/FreeRTOS/Source/portable/GCC/ARM_CM4F/port.o
 .data.p_sys    0x20000010        0x4 ./app/src/app.o
                0x20000010                p_sys
 .data.p_app    0x20000014        0x4 ./app/src/app.o
                0x20000014                p_app
 .data.p_task_a
                0x20000018        0x4 ./app/src/task_a.o
                0x20000018                p_task_a
 .data.p_task_a_wait_entry_a
                0x2000001c        0x4 ./app/src/task_a.o
                0x2000001c                p_task_a_wait_entry_a
 .data.p_task_a_wait_exit_a
                0x20000020        0x4 ./app/src/task_a.o
                0x20000020                p_task_a_wait_exit_a
 .data.p_task_a_wait_mutex
                0x20000024        0x4 ./app/src/task_a.o
                0x20000024                p_task_a_wait_mutex
 .data.p_task_a_signal_mutex
                0x20000028        0x4 ./app/src/task_a.o
                0x20000028                p_task_a_signal_mutex
 .data.p_task_b
                0x2000002c        0x4 ./app/src/task_b.o
                0x2000002c                p_task_b
 .data.p_task_b_wait_entry_b
                0x20000030        0x4 ./app/src/task_b.o
                0x20000030                p_task_b_wait_entry_b
 .data.p_task_b_wait_exit_b
                0x20000034        0x4 ./app/src/task_b.o
                0x20000034                p_task_b_wait_exit_b
 .data.p_task_b_wait_mutex
                0x20000038        0x4 ./app/src/task_b.o
                0x20000038                p_task_b_wait_mutex
 .data.p_task_b_signal_mutex
                0x2000003c        0x4 ./app/src/task_b.o
                0x2000003c                p_task_b_signal_mutex
 .data.p_task_b_wait_2500mS
                0x20000040        0x4 ./app/src/task_b.o
                0x20000040                p_task_b_wait_2500mS
 .data.p_task_test
                0x20000044        0x4 ./app/src/task_test.o
                0x20000044                p_task_test
 .data.p_task_test_priority
                0x20000048        0x4 ./app/src/task_test.o
                0x20000048                p_task_test_priority
 .data.p_task_test_e_task_test_array
                0x2000004c        0x4 ./app/src/task_test.o
                0x2000004c                p_task_test_e_task_test_array
 .data.p_task_test_signal_entry_a
                0x20000050        0x4 ./app/src/task_test.o
                0x20000050                p_task_test_signal_entry_a
 .data.p_task_test_signal_exit_a
                0x20000054        0x4 ./app/src/task_test.o
                0x20000054                p_task_test_signal_exit_a
 .data.p_task_test_signal_entry_b
                0x20000058        0x4 ./app/src/task_test.o
                0x20000058                p_task_test_signal_entry_b
 .data.p_task_test_signal_exit_b
                0x2000005c        0x4 ./app/src/task_test.o
                0x2000005c                p_task_test_signal_exit_b
 .data.p_task_test_signal_error
                0x20000060        0x4 ./app/src/task_test.o
                0x20000060                p_task_test_signal_error
 .data.p_task_test_wait_5000mS
                0x20000064        0x4 ./app/src/task_test.o
                0x20000064                p_task_test_wait_5000mS
 .data.supports_ext_stdout_stderr
                0x20000068        0x4 C:/ST/STM32CubeIDE_1.15.1/STM32CubeIDE/plugins/com.st.stm32cube.ide.mcu.externaltools.gnu-tools-for-stm32.12.3.rel1.win32_1.0.100.202403111256/tools/bin/../lib/gcc/arm-none-eabi/12.3.1/../../../../arm-none-eabi/lib/thumb/v7e-m+fp/hard\librdimon_nano.a(arm_librdimon_a-syscalls.o)
 .data.supports_ext_exit_extended
                0x2000006c        0x4 C:/ST/STM32CubeIDE_1.15.1/STM32CubeIDE/plugins/com.st.stm32cube.ide.mcu.externaltools.gnu-tools-for-stm32.12.3.rel1.win32_1.0.100.202403111256/tools/bin/../lib/gcc/arm-none-eabi/12.3.1/../../../../arm-none-eabi/lib/thumb/v7e-m+fp/hard\librdimon_nano.a(arm_librdimon_a-syscalls.o)
 .data.__sglue  0x20000070        0xc C:/ST/STM32CubeIDE_1.15.1/STM32CubeIDE/plugins/com.st.stm32cube.ide.mcu.externaltools.gnu-tools-for-stm32.12.3.rel1.win32_1.0.100.202403111256/tools/bin/../lib/gcc/arm-none-eabi/12.3.1/../../../../arm-none-eabi/lib/thumb/v7e-m+fp/hard\libc_nano.a(libc_a-findfp.o)
                0x20000070                __sglue
 .data._impure_ptr
                0x2000007c        0x4 C:/ST/STM32CubeIDE_1.15.1/STM32CubeIDE/plugins/com.st.stm32cube.ide.mcu.externaltools.gnu-tools-for-stm32.12.3.rel1.win32_1.0.100.202403111256/tools/bin/../lib/gcc/arm-none-eabi/12.3.1/../../../../arm-none-eabi/lib/thumb/v7e-m+fp/hard\libc_nano.a(libc_a-impure.o)
                0x2000007c                _impure_ptr
 .data._impure_data
                0x20000080       0x4c C:/ST/STM32CubeIDE_1.15.1/STM32CubeIDE/plugins/com.st.stm32cube.ide.mcu.externaltools.gnu-tools-for-stm32.12.3.rel1.win32_1.0.100.202403111256/tools/bin/../lib/gcc/arm-none-eabi/12.3.1/../../../../arm-none-eabi/lib/thumb/v7e-m+fp/hard\libc_nano.a(libc_a-impure.o)
                0x20000080                _impure_data
 *(.RamFunc)
 *(.RamFunc*)
                0x200000cc                        . = ALIGN (0x4)
                0x200000cc                        _edata = .
                0x08008848                        _siccmram = LOADADDR (.ccmram)

.igot.plt       0x200000cc        0x0 load address 0x08008848
 .igot.plt      0x200000cc        0x0 C:/ST/STM32CubeIDE_1.15.1/STM32CubeIDE/plugins/com.st.stm32cube.ide.mcu.externaltools.gnu-tools-for-stm32.12.3.rel1.win32_1.0.100.202403111256/tools/bin/../lib/gcc/arm-none-eabi/12.3.1/thumb/v7e-m+fp/hard/crtbegin.o

.ccmram         0x10000000        0x0 load address 0x08008848
                0x10000000                        . = ALIGN (0x4)
                0x10000000                        _sccmram = .
 *(.ccmram)
 *(.ccmram*)
                0x10000000                        . = ALIGN (0x4)
                0x10000000                        _eccmram = .
                0x10000000                        . = ALIGN (0x4)

.bss            0x200000cc     0x4818
                0x200000cc                        _sbss = .
                0x200000cc                        __bss_start__ = _sbss
 *(.bss)
 .bss           0x200000cc       0x1c C:/ST/STM32CubeIDE_1.15.1/STM32CubeIDE/plugins/com.st.stm32cube.ide.mcu.externaltools.gnu-tools-for-stm32.12.3.rel1.win32_1.0.100.202403111256/tools/bin/../lib/gcc/arm-none-eabi/12.3.1/thumb/v7e-m+fp/hard/crtbegin.o
 *(.bss*)
 .bss.TxConfig  0x200000e8       0x38 ./Core/Src/main.o
                0x200000e8                TxConfig
 .bss.DMARxDscrTab
                0x20000120       0xa0 ./Core/Src/main.o
                0x20000120                DMARxDscrTab
 .bss.DMATxDscrTab
                0x200001c0       0xa0 ./Core/Src/main.o
                0x200001c0                DMATxDscrTab
 .bss.heth      0x20000260       0xb0 ./Core/Src/main.o
                0x20000260                heth
 .bss.htim2     0x20000310       0x48 ./Core/Src/main.o
                0x20000310                htim2
 .bss.huart3    0x20000358       0x48 ./Core/Src/main.o
                0x20000358                huart3
 .bss.hpcd_USB_OTG_FS
                0x200003a0      0x4e4 ./Core/Src/main.o
                0x200003a0                hpcd_USB_OTG_FS
 .bss.ulHighFrequencyTimerTicks
                0x20000884        0x4 ./Core/Src/main.o
                0x20000884                ulHighFrequencyTimerTicks
 .bss.MACAddr.0
                0x20000888        0x6 ./Core/Src/main.o
 *fill*         0x2000088e        0x2 
 .bss.htim1     0x20000890       0x48 ./Core/Src/stm32f4xx_hal_timebase_tim.o
                0x20000890                htim1
 .bss.__sbrk_heap_end
                0x200008d8        0x4 ./Core/Src/sysmem.o
 .bss.uwTick    0x200008dc        0x4 ./Drivers/STM32F4xx_HAL_Driver/Src/stm32f4xx_hal.o
                0x200008dc                uwTick
 .bss.xQueueRegistry
                0x200008e0       0x40 ./Middlewares/Third_Party/FreeRTOS/Source/queue.o
                0x200008e0                xQueueRegistry
 .bss.pxCurrentTCB
                0x20000920        0x4 ./Middlewares/Third_Party/FreeRTOS/Source/tasks.o
                0x20000920                pxCurrentTCB
 .bss.pxReadyTasksLists
                0x20000924       0x8c ./Middlewares/Third_Party/FreeRTOS/Source/tasks.o
 .bss.xDelayedTaskList1
                0x200009b0       0x14 ./Middlewares/Third_Party/FreeRTOS/Source/tasks.o
 .bss.xDelayedTaskList2
                0x200009c4       0x14 ./Middlewares/Third_Party/FreeRTOS/Source/tasks.o
 .bss.pxDelayedTaskList
                0x200009d8        0x4 ./Middlewares/Third_Party/FreeRTOS/Source/tasks.o
 .bss.pxOverflowDelayedTaskList
                0x200009dc        0x4 ./Middlewares/Third_Party/FreeRTOS/Source/tasks.o
 .bss.xPendingReadyList
                0x200009e0       0x14 ./Middlewares/Third_Party/FreeRTOS/Source/tasks.o
 .bss.xTasksWaitingTermination
                0x200009f4       0x14 ./Middlewares/Third_Party/FreeRTOS/Source/tasks.o
 .bss.uxDeletedTasksWaitingCleanUp
                0x20000a08        0x4 ./Middlewares/Third_Party/FreeRTOS/Source/tasks.o
 .bss.xSuspendedTaskList
                0x20000a0c       0x14 ./Middlewares/Third_Party/FreeRTOS/Source/tasks.o
 .bss.uxCurrentNumberOfTasks
                0x20000a20        0x4 ./Middlewares/Third_Party/FreeRTOS/Source/tasks.o
 .bss.xTickCount
                0x20000a24        0x4 ./Middlewares/Third_Party/FreeRTOS/Source/tasks.o
 .bss.uxTopReadyPriority
                0x20000a28        0x4 ./Middlewares/Third_Party/FreeRTOS/Source/tasks.o
 .bss.xSchedulerRunning
                0x20000a2c        0x4 ./Middlewares/Third_Party/FreeRTOS/Source/tasks.o
 .bss.xPendedTicks
                0x20000a30        0x4 ./Middlewares/Third_Party/FreeRTOS/Source/tasks.o
 .bss.xYieldPending
                0x20000a34        0x4 ./Middlewares/Third_Party/FreeRTOS/Source/tasks.o
 .bss.xNumOfOverflows
                0x20000a38        0x4 ./Middlewares/Third_Party/FreeRTOS/Source/tasks.o
 .bss.uxTaskNumber
                0x20000a3c        0x4 ./Middlewares/Third_Party/FreeRTOS/Source/tasks.o
 .bss.xNextTaskUnblockTime
                0x20000a40        0x4 ./Middlewares/Third_Party/FreeRTOS/Source/tasks.o
 .bss.xIdleTaskHandle
                0x20000a44        0x4 ./Middlewares/Third_Party/FreeRTOS/Source/tasks.o
 .bss.uxSchedulerSuspended
                0x20000a48        0x4 ./Middlewares/Third_Party/FreeRTOS/Source/tasks.o
 .bss.ulTaskSwitchedInTime
                0x20000a4c        0x4 ./Middlewares/Third_Party/FreeRTOS/Source/tasks.o
 .bss.ulTotalRunTime
                0x20000a50        0x4 ./Middlewares/Third_Party/FreeRTOS/Source/tasks.o
 .bss.ucMaxSysCallPriority
                0x20000a54        0x1 ./Middlewares/Third_Party/FreeRTOS/Source/portable/GCC/ARM_CM4F/port.o
 *fill*         0x20000a55        0x3 
 .bss.ulMaxPRIGROUPValue
                0x20000a58        0x4 ./Middlewares/Third_Party/FreeRTOS/Source/portable/GCC/ARM_CM4F/port.o
 .bss.ucHeap    0x20000a5c     0x3c00 ./Middlewares/Third_Party/FreeRTOS/Source/portable/MemMang/heap_4.o
 .bss.xStart    0x2000465c        0x8 ./Middlewares/Third_Party/FreeRTOS/Source/portable/MemMang/heap_4.o
 .bss.pxEnd     0x20004664        0x4 ./Middlewares/Third_Party/FreeRTOS/Source/portable/MemMang/heap_4.o
 .bss.xFreeBytesRemaining
                0x20004668        0x4 ./Middlewares/Third_Party/FreeRTOS/Source/portable/MemMang/heap_4.o
 .bss.xMinimumEverFreeBytesRemaining
                0x2000466c        0x4 ./Middlewares/Third_Party/FreeRTOS/Source/portable/MemMang/heap_4.o
 .bss.xNumberOfSuccessfulAllocations
                0x20004670        0x4 ./Middlewares/Third_Party/FreeRTOS/Source/portable/MemMang/heap_4.o
 .bss.xNumberOfSuccessfulFrees
                0x20004674        0x4 ./Middlewares/Third_Party/FreeRTOS/Source/portable/MemMang/heap_4.o
 .bss.xBlockAllocatedBit
                0x20004678        0x4 ./Middlewares/Third_Party/FreeRTOS/Source/portable/MemMang/heap_4.o
 .bss.binary_semaphore_entry_a_h
                0x2000467c        0x4 ./app/src/app.o
                0x2000467c                binary_semaphore_entry_a_h
 .bss.binary_semaphore_exit_a_h
                0x20004680        0x4 ./app/src/app.o
                0x20004680                binary_semaphore_exit_a_h
 .bss.binary_semaphore_entry_b_h
                0x20004684        0x4 ./app/src/app.o
                0x20004684                binary_semaphore_entry_b_h
 .bss.binary_semaphore_exit_b_h
                0x20004688        0x4 ./app/src/app.o
                0x20004688                binary_semaphore_exit_b_h
 .bss.mutex_semaphore_h
                0x2000468c        0x4 ./app/src/app.o
                0x2000468c                mutex_semaphore_h
 .bss.task_a_h  0x20004690        0x4 ./app/src/app.o
                0x20004690                task_a_h
 .bss.task_b_h  0x20004694        0x4 ./app/src/app.o
                0x20004694                task_b_h
 .bss.task_test_h
                0x20004698        0x4 ./app/src/app.o
                0x20004698                task_test_h
 .bss.logger_msg_buffer_
                0x2000469c       0x40 ./app/src/logger.o
 .bss.logger_msg_len
                0x200046dc        0x4 ./app/src/logger.o
                0x200046dc                logger_msg_len
 .bss.g_task_a_cnt
                0x200046e0        0x4 ./app/src/task_a.o
                0x200046e0                g_task_a_cnt
 .bss.g_task_b_cnt
                0x200046e4        0x4 ./app/src/task_b.o
                0x200046e4                g_task_b_cnt
 .bss.g_task_test_cnt
                0x200046e8        0x4 ./app/src/task_test.o
                0x200046e8                g_task_test_cnt
 .bss.monitor_stderr
                0x200046ec        0x4 C:/ST/STM32CubeIDE_1.15.1/STM32CubeIDE/plugins/com.st.stm32cube.ide.mcu.externaltools.gnu-tools-for-stm32.12.3.rel1.win32_1.0.100.202403111256/tools/bin/../lib/gcc/arm-none-eabi/12.3.1/../../../../arm-none-eabi/lib/thumb/v7e-m+fp/hard\librdimon_nano.a(arm_librdimon_a-syscalls.o)
 .bss.monitor_stdout
                0x200046f0        0x4 C:/ST/STM32CubeIDE_1.15.1/STM32CubeIDE/plugins/com.st.stm32cube.ide.mcu.externaltools.gnu-tools-for-stm32.12.3.rel1.win32_1.0.100.202403111256/tools/bin/../lib/gcc/arm-none-eabi/12.3.1/../../../../arm-none-eabi/lib/thumb/v7e-m+fp/hard\librdimon_nano.a(arm_librdimon_a-syscalls.o)
 .bss.monitor_stdin
                0x200046f4        0x4 C:/ST/STM32CubeIDE_1.15.1/STM32CubeIDE/plugins/com.st.stm32cube.ide.mcu.externaltools.gnu-tools-for-stm32.12.3.rel1.win32_1.0.100.202403111256/tools/bin/../lib/gcc/arm-none-eabi/12.3.1/../../../../arm-none-eabi/lib/thumb/v7e-m+fp/hard\librdimon_nano.a(arm_librdimon_a-syscalls.o)
 .bss.openfiles
                0x200046f8       0xa0 C:/ST/STM32CubeIDE_1.15.1/STM32CubeIDE/plugins/com.st.stm32cube.ide.mcu.externaltools.gnu-tools-for-stm32.12.3.rel1.win32_1.0.100.202403111256/tools/bin/../lib/gcc/arm-none-eabi/12.3.1/../../../../arm-none-eabi/lib/thumb/v7e-m+fp/hard\librdimon_nano.a(arm_librdimon_a-syscalls.o)
 .bss.__sf      0x20004798      0x138 C:/ST/STM32CubeIDE_1.15.1/STM32CubeIDE/plugins/com.st.stm32cube.ide.mcu.externaltools.gnu-tools-for-stm32.12.3.rel1.win32_1.0.100.202403111256/tools/bin/../lib/gcc/arm-none-eabi/12.3.1/../../../../arm-none-eabi/lib/thumb/v7e-m+fp/hard\libc_nano.a(libc_a-findfp.o)
                0x20004798                __sf
 .bss.__stdio_exit_handler
                0x200048d0        0x4 C:/ST/STM32CubeIDE_1.15.1/STM32CubeIDE/plugins/com.st.stm32cube.ide.mcu.externaltools.gnu-tools-for-stm32.12.3.rel1.win32_1.0.100.202403111256/tools/bin/../lib/gcc/arm-none-eabi/12.3.1/../../../../arm-none-eabi/lib/thumb/v7e-m+fp/hard\libc_nano.a(libc_a-findfp.o)
                0x200048d0                __stdio_exit_handler
 .bss.errno     0x200048d4        0x4 C:/ST/STM32CubeIDE_1.15.1/STM32CubeIDE/plugins/com.st.stm32cube.ide.mcu.externaltools.gnu-tools-for-stm32.12.3.rel1.win32_1.0.100.202403111256/tools/bin/../lib/gcc/arm-none-eabi/12.3.1/../../../../arm-none-eabi/lib/thumb/v7e-m+fp/hard\libc_nano.a(libc_a-reent.o)
                0x200048d4                errno
 .bss.__lock___malloc_recursive_mutex
                0x200048d8        0x1 C:/ST/STM32CubeIDE_1.15.1/STM32CubeIDE/plugins/com.st.stm32cube.ide.mcu.externaltools.gnu-tools-for-stm32.12.3.rel1.win32_1.0.100.202403111256/tools/bin/../lib/gcc/arm-none-eabi/12.3.1/../../../../arm-none-eabi/lib/thumb/v7e-m+fp/hard\libc_nano.a(libc_a-lock.o)
                0x200048d8                __lock___malloc_recursive_mutex
 .bss.__lock___sfp_recursive_mutex
                0x200048d9        0x1 C:/ST/STM32CubeIDE_1.15.1/STM32CubeIDE/plugins/com.st.stm32cube.ide.mcu.externaltools.gnu-tools-for-stm32.12.3.rel1.win32_1.0.100.202403111256/tools/bin/../lib/gcc/arm-none-eabi/12.3.1/../../../../arm-none-eabi/lib/thumb/v7e-m+fp/hard\libc_nano.a(libc_a-lock.o)
                0x200048d9                __lock___sfp_recursive_mutex
 *fill*         0x200048da        0x2 
 .bss.__malloc_sbrk_start
                0x200048dc        0x4 C:/ST/STM32CubeIDE_1.15.1/STM32CubeIDE/plugins/com.st.stm32cube.ide.mcu.externaltools.gnu-tools-for-stm32.12.3.rel1.win32_1.0.100.202403111256/tools/bin/../lib/gcc/arm-none-eabi/12.3.1/../../../../arm-none-eabi/lib/thumb/v7e-m+fp/hard\libc_nano.a(libc_a-mallocr.o)
                0x200048dc                __malloc_sbrk_start
 .bss.__malloc_free_list
                0x200048e0        0x4 C:/ST/STM32CubeIDE_1.15.1/STM32CubeIDE/plugins/com.st.stm32cube.ide.mcu.externaltools.gnu-tools-for-stm32.12.3.rel1.win32_1.0.100.202403111256/tools/bin/../lib/gcc/arm-none-eabi/12.3.1/../../../../arm-none-eabi/lib/thumb/v7e-m+fp/hard\libc_nano.a(libc_a-mallocr.o)
                0x200048e0                __malloc_free_list
 *(COMMON)
                0x200048e4                        . = ALIGN (0x4)
                0x200048e4                        _ebss = .
                0x200048e4                        __bss_end__ = _ebss

._user_heap_stack
                0x200048e4      0x604
                0x200048e8                        . = ALIGN (0x8)
 *fill*         0x200048e4        0x4 
                0x200048e8                        PROVIDE (end = .)
                0x200048e8                        PROVIDE (_end = .)
                0x20004ae8                        . = (. + _Min_Heap_Size)
 *fill*         0x200048e8      0x200 
                0x20004ee8                        . = (. + _Min_Stack_Size)
 *fill*         0x20004ae8      0x400 
                0x20004ee8                        . = ALIGN (0x8)

/DISCARD/
 libc.a(*)
 libm.a(*)
 libgcc.a(*)

.ARM.attributes
                0x00000000       0x30
 *(.ARM.attributes)
 .ARM.attributes