../Core/Src/main.c:90:5:main	96	static
../Core/Src/main.c:201:6:SystemClock_Config	88	static
../Core/Src/main.c:247:13:MX_USART3_UART_Init	8	static
../Core/Src/main.c:280:13:MX_GPIO_Init	64	static
../Core/Src/main.c:381:6:SendString	16	static
../Core/Src/main.c:393:6:SendNumber	40	static
../Core/Src/main.c:408:6:StartDefaultTask	24	static
../Core/Src/main.c:441:6:StartDriverTask	16	static
../Core/Src/main.c:461:6:HAL_TIM_PeriodElapsedCallback	16	static
../Core/Src/main.c:478:6:Error_Handler	4	static,ignoring_inline_asm
