../Core/Src/main.c:88:5:main	88	static
../Core/Src/main.c:195:6:SystemClock_Config	88	static
../Core/Src/main.c:241:13:MX_USART3_UART_Init	8	static
../Core/Src/main.c:274:13:MX_GPIO_Init	56	static
../Core/Src/main.c:341:6:SendString	16	static
../Core/Src/main.c:353:6:SendNumber	40	static
../Core/Src/main.c:368:6:StartDefaultTask	24	static
../Core/Src/main.c:401:6:StartDriverTask	16	static
../Core/Src/main.c:421:6:HAL_TIM_PeriodElapsedCallback	16	static
../Core/Src/main.c:438:6:Error_Handler	4	static,ignoring_inline_asm
